Archive member included because of file (symbol)

/opt/devkitPro/libnds/lib/libnds9.a(console.o)
                              fondos.o (consoleClear)
/opt/devkitPro/libnds/lib/libnds9.a(initSystem.o)
                              /opt/devkitPro/devkitARM/lib/gcc/arm-eabi/4.3.3/../../../../arm-eabi/lib/thumb/ds_arm9_crt0.o (initSystem)
/opt/devkitPro/libnds/lib/libnds9.a(sprite.o)
                              graficos.o (oamMain)
/opt/devkitPro/libnds/lib/libnds9.a(sprite_alloc.o)
                              /opt/devkitPro/libnds/lib/libnds9.a(sprite.o) (oamAllocReset)
/opt/devkitPro/libnds/lib/libnds9.a(system.o)
                              graficos.o (powerOn)
/opt/devkitPro/libnds/lib/libnds9.a(touch.o)
                              perifericos.o (touchRead)
/opt/devkitPro/libnds/lib/libnds9.a(trig.o)
                              /opt/devkitPro/libnds/lib/libnds9.a(sprite.o) (sinLerp)
/opt/devkitPro/libnds/lib/libnds9.a(video.o)
                              graficos.o (vramSetMainBanks)
/opt/devkitPro/libnds/lib/libnds9.a(fifosystem.o)
                              /opt/devkitPro/libnds/lib/libnds9.a(initSystem.o) (fifoSetValue32Handler)
/opt/devkitPro/libnds/lib/libnds9.a(interrupts.o)
                              rutinasAtencion.o (irqSet)
/opt/devkitPro/libnds/lib/libnds9.a(dcache.o)
                              /opt/devkitPro/libnds/lib/libnds9.a(sprite.o) (DC_FlushRange)
/opt/devkitPro/libnds/lib/libnds9.a(biosCalls.o)
                              /opt/devkitPro/libnds/lib/libnds9.a(system.o) (swiDelay)
/opt/devkitPro/libnds/lib/libnds9.a(debugprint.o)
                              /opt/devkitPro/libnds/lib/libnds9.a(console.o) (nocashMessage)
/opt/devkitPro/libnds/lib/libnds9.a(interruptDispatcher.o)
                              /opt/devkitPro/libnds/lib/libnds9.a(interrupts.o) (IntrMain)
/opt/devkitPro/libnds/lib/libnds9.a(default_font.bin.o)
                              /opt/devkitPro/libnds/lib/libnds9.a(console.o) (default_font_bin)
/opt/devkitPro/libnds/lib/libnds9.a(background.o)
                              /opt/devkitPro/libnds/lib/libnds9.a(console.o) (bgState)
/opt/devkitPro/devkitARM/lib/gcc/arm-eabi/4.3.3/thumb/libgcc.a(_divsi3.o)
                              juego.o (__aeabi_idivmod)
/opt/devkitPro/devkitARM/lib/gcc/arm-eabi/4.3.3/thumb/libgcc.a(_dvmd_tls.o)
                              /opt/devkitPro/devkitARM/lib/gcc/arm-eabi/4.3.3/thumb/libgcc.a(_divsi3.o) (__div0)
/opt/devkitPro/devkitARM/lib/gcc/arm-eabi/4.3.3/../../../../arm-eabi/lib/thumb/libg.a(lib_a-bsearch.o)
                              /opt/devkitPro/libnds/lib/libnds9.a(trig.o) (bsearch)
/opt/devkitPro/devkitARM/lib/gcc/arm-eabi/4.3.3/../../../../arm-eabi/lib/thumb/libg.a(lib_a-impure.o)
                              /opt/devkitPro/libnds/lib/libnds9.a(console.o) (_impure_ptr)
/opt/devkitPro/devkitARM/lib/gcc/arm-eabi/4.3.3/../../../../arm-eabi/lib/thumb/libg.a(lib_a-init.o)
                              /opt/devkitPro/devkitARM/lib/gcc/arm-eabi/4.3.3/../../../../arm-eabi/lib/thumb/ds_arm9_crt0.o (__libc_init_array)
/opt/devkitPro/devkitARM/lib/gcc/arm-eabi/4.3.3/../../../../arm-eabi/lib/thumb/libg.a(lib_a-iprintf.o)
                              fondos.o (iprintf)
/opt/devkitPro/devkitARM/lib/gcc/arm-eabi/4.3.3/../../../../arm-eabi/lib/thumb/libg.a(lib_a-malloc.o)
                              /opt/devkitPro/libnds/lib/libnds9.a(sprite_alloc.o) (malloc)
/opt/devkitPro/devkitARM/lib/gcc/arm-eabi/4.3.3/../../../../arm-eabi/lib/thumb/libg.a(lib_a-mallocr.o)
                              /opt/devkitPro/devkitARM/lib/gcc/arm-eabi/4.3.3/../../../../arm-eabi/lib/thumb/libg.a(lib_a-malloc.o) (_malloc_r)
/opt/devkitPro/devkitARM/lib/gcc/arm-eabi/4.3.3/../../../../arm-eabi/lib/thumb/libg.a(lib_a-memcpy.o)
                              /opt/devkitPro/libnds/lib/libnds9.a(console.o) (memcpy)
/opt/devkitPro/devkitARM/lib/gcc/arm-eabi/4.3.3/../../../../arm-eabi/lib/thumb/libg.a(lib_a-memset.o)
                              /opt/devkitPro/libnds/lib/libnds9.a(background.o) (memset)
/opt/devkitPro/devkitARM/lib/gcc/arm-eabi/4.3.3/../../../../arm-eabi/lib/thumb/libg.a(lib_a-mlock.o)
                              /opt/devkitPro/devkitARM/lib/gcc/arm-eabi/4.3.3/../../../../arm-eabi/lib/thumb/libg.a(lib_a-mallocr.o) (__malloc_lock)
/opt/devkitPro/devkitARM/lib/gcc/arm-eabi/4.3.3/../../../../arm-eabi/lib/thumb/libg.a(lib_a-rand.o)
                              juego.o (rand)
/opt/devkitPro/devkitARM/lib/gcc/arm-eabi/4.3.3/../../../../arm-eabi/lib/thumb/libg.a(lib_a-realloc.o)
                              /opt/devkitPro/libnds/lib/libnds9.a(sprite_alloc.o) (realloc)
/opt/devkitPro/devkitARM/lib/gcc/arm-eabi/4.3.3/../../../../arm-eabi/lib/thumb/libg.a(lib_a-reallocr.o)
                              /opt/devkitPro/devkitARM/lib/gcc/arm-eabi/4.3.3/../../../../arm-eabi/lib/thumb/libg.a(lib_a-realloc.o) (_realloc_r)
/opt/devkitPro/devkitARM/lib/gcc/arm-eabi/4.3.3/../../../../arm-eabi/lib/thumb/libg.a(lib_a-setvbuf.o)
[...]
Memory Configuration

Name             Origin             Length             Attributes
rom              0x08000000         0x02000000
ewram            0x02000000         0x003ff000
dtcm             0x0b000000         0x00004000
vectors          0x01000000         0x00000100
itcm             0x01000100         0x00007f00
*default*        0x00000000         0xffffffff

Linker script and memory map

                0x01000000                __vectors_start = 0x1000000
                0x01000100                __itcm_start = 0x1000100
                0x023ff000                __ewram_end = 0x23ff000
                0x023ff000                __eheap_end = 0x23ff000
                0x0b000000                __dtcm_start = 0xb000000
                0x0b004000                __dtcm_top = 0xb004000
                0x0b003ff8                __irq_flags = (__dtcm_top - 0x8)
                0x0b003ffc                __irq_vector = (__dtcm_top - 0x4)
                0x0b003f00                __sp_svc = (__dtcm_top - 0x100)
                0x0b003e00                __sp_irq = (__sp_svc - 0x100)
                0x0b003d00                __sp_usr = (__sp_irq - 0x100)

.init           0x02000000      0x30c
                0x02000000                __text_start = .
 *(.init)
 .init          0x02000000      0x300 /opt/devkitPro/devkitARM/lib/gcc/arm-eabi/4.3.3/../../../../arm-eabi/lib/thumb/ds_arm9_crt0.o
                0x02000000                _start
 .init          0x02000300        0x4 /opt/devkitPro/devkitARM/lib/gcc/arm-eabi/4.3.3/thumb/crti.o
                0x02000300                _init
 .init          0x02000304        0x8 /opt/devkitPro/devkitARM/lib/gcc/arm-eabi/4.3.3/thumb/crtn.o
                0x0200030c                . = ALIGN (0x4)

.plt
 *(.plt)

.text           0x02000310     0xad54
 *(EXCLUDE_FILE(*.itcm*) .text)
 .text          0x02000310        0x0 /opt/devkitPro/devkitARM/lib/gcc/arm-eabi/4.3.3/../../../../arm-eabi/lib/thumb/ds_arm9_crt0.o
 .text          0x02000310        0x0 /opt/devkitPro/devkitARM/lib/gcc/arm-eabi/4.3.3/thumb/crti.o
 .text          0x02000310       0x70 /opt/devkitPro/devkitARM/lib/gcc/arm-eabi/4.3.3/thumb/crtbegin.o
 .text          0x02000380        0x0 soundbank.bin.o
 .text          0x02000380        0x0 FondoAmarillo1.o
 .text          0x02000380        0x0 FondoAmarillo2.o
 .text          0x02000380        0x0 FondoAmarillo3.o
 .text          0x02000380        0x0 FondoAmarilloM.o
 .text          0x02000380        0x0 FondoAmarillo.o
 .text          0x02000380        0x0 FondoAngry.o
 .text          0x02000380        0x0 FondoCapyM.o
 .text          0x02000380        0x0 FondoCapy.o
 .text          0x02000380        0x0 FondoCreditos.o
 .text          0x02000380        0x0 FondoFin.o
 .text          0x02000380        0x0 FondoMenu2.o
 .text          0x02000380        0x0 FondoMenu.o
 .text          0x02000380        0x0 FondoMorado1.o
 .text          0x02000380        0x0 FondoMorado2.o
 .text          0x02000380        0x0 FondoMorado3.o
 .text          0x02000380        0x0 FondoMorado4.o
 .text          0x02000380        0x0 FondoMorado5.o
 .text          0x02000380        0x0 FondoMoradoM.o
 .text          0x02000380        0x0 FondoMorado.o
 .text          0x02000380        0x0 FondoOpciones000.o
 .text          0x02000380        0x0 FondoOpciones001.o
 .text          0x02000380        0x0 FondoOpciones010.o
 .text          0x02000380        0x0 FondoOpciones011.o
 .text          0x02000380        0x0 FondoOpciones100.o
 .text          0x02000380        0x0 FondoOpciones101.o
 .text          0x02000380        0x0 FondoOpciones110.o
 .text          0x02000380        0x0 FondoOpciones111.o
 .text          0x02000380        0x0 FondoPausa2.o
 .text          0x02000380        0x0 FondoPausa.o
 .text          0x02000380        0x0 FondoRojo1.o
 .text          0x02000380        0x0 FondoRojo2.o
 .text          0x02000380        0x0 FondoRojo3.o
 .text          0x02000380        0x0 FondoRojoM.o
 .text          0x02000380        0x0 FondoRojo.o
 .text          0x02000380        0x0 FondoVerde1.o
 .text          0x02000380        0x0 FondoVerde2.o
 .text          0x02000380        0x0 FondoVerde3.o
 .text          0x02000380        0x0 FondoVerdeM.o
 .text          0x02000380        0x0 FondoVerde.o
 .text          0x02000380      0x888 fondos.o
                0x02000380                cambiar_pantalla
 .text          0x02000c08      0x12c graficos.o
                0x02000d14                inicializarGraficosSprites
                0x02000ce8                inicializarGraficos
                0x02000c08                inicializarFondos
                0x02000c88                initSpriteMem
                0x02000cac                inicializarVideo
 .text          0x02000d34      0xd84 juego.o
                0x02000f4c                juego
                0x02000d34                coincide_roca
                0x02000d84                iniciar_juego
                0x02000eb8                borrar_sprites
                0x02000e38                mostrar_sprites
 .text          0x02001ab8       0x3c main.o
                0x02001ab8                main
 .text          0x02001af4      0x1c0 perifericos.o
                0x02001b0c                TeclaPulsada
                0x02001c68                PonerEnMarchaTiempo
                0x02001c90                TactilDetectado
                0x02001c04                InhibirIntTeclado
                0x02001b80                ConfigurarTeclado
                0x02001af4                TeclaDetectada
                0x02001c48                InhibirIntTiempo
                0x02001be4                HabilitarIntTeclado
                0x02001b94                ConfigurarTemporizador
                0x02001c7c                PararTiempo
                0x02001bb4                HabilitarInterrupciones
                0x02001c28                HabilitarIntTiempo
 .text          0x02001cb4      0x860 rutinasAtencion.o
                0x02002288                RA_Teclado
                0x02001cb4                EstablecerVectorInt
                0x02001cd8                RA_Tiempo
 .text          0x02002514      0x748 sprites.o
                0x02002768                BorrarManzanaDorada
                0x02002bc8                memoriaReserva
                0x02002998                MostrarSuperCapy01
                0x02002858                MostrarManzana
                0x02002b78                BorrarCapy
                0x02002a38                MostrarCapy11
                0x020028f8                MostrarSuperCapy11
                0x02002514                EstablecerPaletaPrincipal
                0x020027b8                MostrarManzanaDorada
                0x02002a88                MostrarCapy10
                0x02002718                MostrarRoca
                0x020028a8                BorrarSuperCapy
                0x02002948                MostrarSuperCapy10
                0x02002808                BorrarManzana
                0x020029e8                MostrarSuperCapy00
                0x02002ad8                MostrarCapy01
                0x020026c8                BorrarRoca
                0x02002b28                MostrarCapy00
                0x020025b8                GuardarSpritesMemoria
 .text          0x02002c5c      0xa28 /opt/devkitPro/libnds/lib/libnds9.a(console.o)
                0x0200338c                con_write
                0x02002c5c                consoleGetDefault
                0x020031e0                consoleInit
                0x02003134                consoleSetFont
                0x02003654                nocash_write
                0x02002d10                consolePrintChar
                0x02003180                consoleClear
                0x02003158                consoleSetWindow
                0x02002c64                consoleSelect
                0x02003350                consoleDemoInit
                0x02002ebc                consoleLoadFont
                0x02003194                consoleDebugInit
 .text          0x02003684       0xec /opt/devkitPro/libnds/lib/libnds9.a(initSystem.o)
                0x02003684                initSystem
 .text          0x02003770      0x484 /opt/devkitPro/libnds/lib/libnds9.a(sprite.o)
                0x02003770                oamDisable
                0x020037f8                oamClear
                0x02003a24                oamRotateScale
                0x020037c4                oamGetGfxPtr
                0x020037a0                oamEnable
                0x02003820                oamGfxPtrToOffset
                0x02003a84                oamUpdate
                0x02003ae8                oamInit
                0x02003858                oamSet
 .text          0x02003bf4      0x364 /opt/devkitPro/libnds/lib/libnds9.a(sprite_alloc.o)
                0x02003c30                oamCountFragments
                0x02003bf4                resizeBuffer
                0x02003d6c                oamAllocReset
                0x02003c10                getAllocHeader
                0x02003d58                oamFreeGfx
                0x02003da4                simpleAlloc
                0x02003f20                oamAllocateGfx
                0x02003c7c                simpleFree
 .text          0x02003f58       0xf4 /opt/devkitPro/libnds/lib/libnds9.a(system.o)
                0x02004008                systemMsgHandler
                0x02003fa0                powerOn
                0x02003ff0                powerValueHandler
                0x02003f58                ledBlink
                0x02003fd4                systemSleep
                0x02003f70                powerOff
 .text          0x0200404c       0x4c /opt/devkitPro/libnds/lib/libnds9.a(touch.o)
                0x0200404c                touchRead
                0x02004074                touchReadXY
 .text          0x02004098      0x264 /opt/devkitPro/libnds/lib/libnds9.a(trig.o)
                0x02004230                arcSinComp
                0x02004260                asinLerp
                0x020041f0                tanLerp
                0x02004098                sinLutLookup
                0x020041a4                tanLutLookup
                0x02004188                cosLerp
                0x020042e0                acosLerp
                0x020040e8                sinLerp
 .text          0x020042fc      0x144 /opt/devkitPro/libnds/lib/libnds9.a(video.o)
                0x020043b0                vramSetBankF
                0x02004340                vramRestoreMainBanks
                0x020043d8                vramSetBankH
                0x02004388                vramSetBankD
                0x0200439c                vramSetBankE
                0x02004400                setBrightness
                0x020043c4                vramSetBankG
                0x02004360                vramSetBankB
                0x02004374                vramSetBankC
                0x020043ec                vramSetBankI
                0x020042fc                vramSetMainBanks
                0x0200434c                vramSetBankA
 .text          0x02004440     0x18b8 /opt/devkitPro/libnds/lib/libnds9.a(fifosystem.o)
                0x020053dc                fifoInternalRecvPopFirst
                0x020044c8                fifoCheckValue32
                0x020045d8                fifoCheckDatamsgLength
                0x02004dd0                fifoGetLostWordCount
                0x02004d40                fifoGetBufferUsage
                0x02005aa0                fifoSendValue32
                0x020059b0                fifoInternalSend
                0x02004aa8                fifoGetDatamsg
                0x020048c0                fifoGetValue32
                0x020046d8                fifoGetAddress
                0x02004668                fifoCountDatamsg
                0x02004a10                fifoForceValue32Handler
                0x02004550                fifoCheckDatamsg
                0x0200537c                fifoInternalRecvPeek
                0x020058d0                fifoInternalAllocFreeBlock
                0x02004898                fifoSetAddressHandler
                0x0200533c                fifoInternalProtect
                0x02004c84                fifoForceDatamsgHandler
                0x020057e4                fifoInternalSendEnqueue
                0x02005a48                fifoSendDatamsg
                0x0200561c                fifoInternalSendEmpty
                0x02005768                fifoInternalSendInterrupt
                0x02005ae8                fifoSendAddress
                0x0200562c                fifoInternalSendDeque
                0x02004ddc                fifoInternalRecvInterrupt
                0x02004440                fifoCheckAddress
                0x02005924                fifoInternalFreeCheck
                0x020054b0                fifoInternalRecvWordCount
                0x02005530                fifoInternalRecvPushBack
                0x02005358                fifoInternalUnprotect
                0x02004828                fifoForceAddressHandler
                0x02004a80                fifoSetValue32Handler
                0x02005700                fifoInternalBeginSend
                0x02005b24                fifoInit
                0x02004d18                fifoSetDatamsgHandler
                0x02005900                fifoInternalFreeBlock
 .text          0x02005cf8      0x1a8 /opt/devkitPro/libnds/lib/libnds9.a(interrupts.o)
                0x02005dd8                irqEnable
                0x02005cfc                irqSet
                0x02005e24                irqDisable
                0x02005d5c                irqInit
                0x02005cf8                irqDummy
                0x02005da8                irqInitHandler
                0x02005e70                irqClear
 .text          0x02005ea0       0x70 /opt/devkitPro/libnds/lib/libnds9.a(dcache.o)
                0x02005ea0                DC_FlushAll
                0x02005ecc                DC_FlushRange
                0x02005ef4                DC_InvalidateRange
                0x02005ee8                DC_InvalidateAll
 .text          0x02005f10       0x70 /opt/devkitPro/libnds/lib/libnds9.a(biosCalls.o)
                0x02005f20                swiSleep
                0x02005f5a                swiDecompressLZSSVram
                0x02005f42                swiFastCopy
                0x02005f46                swiSqrt
                0x02005f10                swiSoftReset
                0x02005f4a                swiCRC16
                0x02005f5e                swiDecompressHuffman
                0x02005f76                swiSetHaltCR
                0x02005f2c                swiRemainder
                0x02005f52                swiUnpackBits
                0x02005f56                swiDecompressLZSSWram
                0x02005f72                swiDecodeDelta16
                0x02005f14                swiDelay
                0x02005f32                swiDivMod
                0x02005f66                swiDecompressRLEVram
                0x02005f62                swiDecompressRLEWram
                0x02005f6e                swiDecodeDelta8
                0x02005f28                swiDivide
                0x02005f24                swiChangeSoundBias
                0x02005f1c                swiWaitForVBlank
                0x02005f18                swiIntrWait
                0x02005f4e                swiIsDebugger
                0x02005f6a                swiWaitForIRQ
                0x02005f3e                swiCopy
 .text          0x02005f80       0x98 /opt/devkitPro/libnds/lib/libnds9.a(debugprint.o)
                0x02005f80                nocashMessage
 .text          0x02006018        0x0 /opt/devkitPro/libnds/lib/libnds9.a(interruptDispatcher.o)
 .text          0x02006018        0x0 /opt/devkitPro/libnds/lib/libnds9.a(default_font.bin.o)
 .text          0x02006018      0x320 /opt/devkitPro/libnds/lib/libnds9.a(background.o)
                0x02006074                bgUpdate
                0x02006268                bgInit_call
                0x02006024                checkIfText
                0x0200616c                bgInitSub_call
                0x02006018                bgIsText
 .text          0x02006338       0xa4 /opt/devkitPro/devkitARM/lib/gcc/arm-eabi/4.3.3/thumb/libgcc.a(_divsi3.o)
                0x02006338                __aeabi_idiv
                0x02006338                __divsi3
                0x020063cc                __aeabi_idivmod
 .text          0x020063dc        0x4 /opt/devkitPro/devkitARM/lib/gcc/arm-eabi/4.3.3/thumb/libgcc.a(_dvmd_tls.o)
                0x020063dc                __aeabi_ldiv0
                0x020063dc                __div0
                0x020063dc                __aeabi_idiv0
 .text          0x020063e0       0x5c /opt/devkitPro/devkitARM/lib/gcc/arm-eabi/4.3.3/../../../../arm-eabi/lib/thumb/libg.a(lib_a-bsearch.o)
                0x020063e0                bsearch
 .text          0x0200643c        0x0 /opt/devkitPro/devkitARM/lib/gcc/arm-eabi/4.3.3/../../../../arm-eabi/lib/thumb/libg.a(lib_a-impure.o)
 .text          0x0200643c       0x88 /opt/devkitPro/devkitARM/lib/gcc/arm-eabi/4.3.3/../../../../arm-eabi/lib/thumb/libg.a(lib_a-init.o)
                0x0200646c                __libc_init_array
                0x0200643c                __libc_fini_array
 .text          0x020064c4       0x3c /opt/devkitPro/devkitARM/lib/gcc/arm-eabi/4.3.3/../../../../arm-eabi/lib/thumb/libg.a(lib_a-iprintf.o)
                0x020064c4                _iprintf_r
                0x020064dc                iprintf
 .text          0x02006500       0x30 /opt/devkitPro/devkitARM/lib/gcc/arm-eabi/4.3.3/../../../../arm-eabi/lib/thumb/libg.a(lib_a-malloc.o)
                0x02006518                malloc
                0x02006500                free
 .text          0x02006530      0x510 /opt/devkitPro/devkitARM/lib/gcc/arm-eabi/4.3.3/../../../../arm-eabi/lib/thumb/libg.a(lib_a-mallocr.o)
                0x02006530                _malloc_r
 .text          0x02006a40       0x88 /opt/devkitPro/devkitARM/lib/gcc/arm-eabi/4.3.3/../../../../arm-eabi/lib/thumb/libg.a(lib_a-memcpy.o)
                0x02006a40                memcpy
 .text          0x02006ac8       0xb0 /opt/devkitPro/devkitARM/lib/gcc/arm-eabi/4.3.3/../../../../arm-eabi/lib/thumb/libg.a(lib_a-memset.o)
                0x02006ac8                memset
 .text          0x02006b78        0x8 /opt/devkitPro/devkitARM/lib/gcc/arm-eabi/4.3.3/../../../../arm-eabi/lib/thumb/libg.a(lib_a-mlock.o)
                0x02006b7c                __malloc_unlock
                0x02006b78                __malloc_lock
 .text          0x02006b80       0x58 /opt/devkitPro/devkitARM/lib/gcc/arm-eabi/4.3.3/../../../../arm-eabi/lib/thumb/libg.a(lib_a-rand.o)
                0x02006b94                rand
                0x02006b80                srand
 .text          0x02006bd8       0x1c /opt/devkitPro/devkitARM/lib/gcc/arm-eabi/4.3.3/../../../../arm-eabi/lib/thumb/libg.a(lib_a-realloc.o)
                0x02006bd8                realloc
 .text          0x02006bf4      0x340 /opt/devkitPro/devkitARM/lib/gcc/arm-eabi/4.3.3/../../../../arm-eabi/lib/thumb/libg.a(lib_a-reallocr.o)
                0x02006bf4                _realloc_r
 .text          0x02006f34      0x114 /opt/devkitPro/devkitARM/lib/gcc/arm-eabi/4.3.3/../../../../arm-eabi/lib/thumb/libg.a(lib_a-setvbuf.o)
                0x02006f34                setvbuf
 .text          0x02007048       0xa4 /opt/devkitPro/devkitARM/lib/gcc/arm-eabi/4.3.3/../../../../arm-eabi/lib/thumb/libg.a(lib_a-siscanf.o)
                0x0200704c                _siscanf_r
                0x0200709c                siscanf
 .text          0x020070ec       0x60 /opt/devkitPro/devkitARM/lib/gcc/arm-eabi/4.3.3/../../../../arm-eabi/lib/thumb/libg.a(lib_a-strlen.o)
                0x020070ec                strlen
 .text          0x0200714c      0x8fc /opt/devkitPro/devkitARM/lib/gcc/arm-eabi/4.3.3/../../../../arm-eabi/lib/thumb/libg.a(lib_a-svfiscanf.o)
                0x02007220                __ssvfiscanf_r
 .text          0x02007a48      0x1a0 /opt/devkitPro/devkitARM/lib/gcc/arm-eabi/4.3.3/../../../../arm-eabi/lib/thumb/libg.a(lib_a-ungetc.o)
                0x02007bcc                ungetc
                0x02007a48                __submore
                0x02007ac4                _ungetc_r
 .text          0x02007be8      0xc44 /opt/devkitPro/devkitARM/lib/gcc/arm-eabi/4.3.3/../../../../arm-eabi/lib/thumb/libg.a(lib_a-vfiprintf.o)
                0x02008808                vfiprintf
                0x02007c08                _vfiprintf_r
 .text          0x0200882c       0x68 /opt/devkitPro/devkitARM/lib/gcc/arm-eabi/4.3.3/../../../../arm-eabi/lib/thumb/libg.a(lib_a-wcrtomb.o)
                0x0200882c                _wcrtomb_r
                0x02008870                wcrtomb
 .text          0x02008894      0x108 /opt/devkitPro/devkitARM/lib/gcc/arm-eabi/4.3.3/../../../../arm-eabi/lib/thumb/libg.a(lib_a-wcsrtombs.o)
                0x02008894                _wcsrtombs_r
                0x02008974                wcsrtombs
 .text          0x0200899c      0x2c8 /opt/devkitPro/devkitARM/lib/gcc/arm-eabi/4.3.3/../../../../arm-eabi/lib/thumb/libg.a(lib_a-wctomb_r.o)
                0x0200899c                _wctomb_r
 .text          0x02008c64       0xc8 /opt/devkitPro/devkitARM/lib/gcc/arm-eabi/4.3.3/../../../../arm-eabi/lib/thumb/libg.a(lib_a-wsetup.o)
                0x02008c64                __swsetup_r
 .text          0x02008d2c        0x0 /opt/devkitPro/devkitARM/lib/gcc/arm-eabi/4.3.3/../../../../arm-eabi/lib/thumb/libg.a(lib_a-ctype_.o)
 .text          0x02008d2c      0x150 /opt/devkitPro/devkitARM/lib/gcc/arm-eabi/4.3.3/../../../../arm-eabi/lib/thumb/libg.a(lib_a-fflush.o)
                0x02008e48                fflush
                0x02008d2c                _fflush_r
 .text          0x02008e7c      0x1f0 /opt/devkitPro/devkitARM/lib/gcc/arm-eabi/4.3.3/../../../../arm-eabi/lib/thumb/libg.a(lib_a-findfp.o)
                0x02008f48                __sinit
                0x02008fa4                __sfmoreglue
                0x02008ee0                _cleanup
                0x02008ecc                _cleanup_r
                0x02008eb0                __fp_lock_all
                0x02008e7c                __sfp_lock_acquire
                0x02008fd8                __sfp
                0x02008e88                __sinit_lock_release
                0x02008e94                __fp_unlock_all
                0x02008e80                __sfp_lock_release
                0x02008e84                __sinit_lock_acquire
 .text          0x0200906c      0x23c /opt/devkitPro/devkitARM/lib/gcc/arm-eabi/4.3.3/../../../../arm-eabi/lib/thumb/libg.a(lib_a-freer.o)
                0x02009114                _free_r
                0x0200906c                _malloc_trim_r
 .text          0x020092a8      0x318 /opt/devkitPro/devkitARM/lib/gcc/arm-eabi/4.3.3/../../../../arm-eabi/lib/thumb/libg.a(lib_a-fvwrite.o)
                0x020092a8                __sfvwrite_r
 .text          0x020095c0       0xc8 /opt/devkitPro/devkitARM/lib/gcc/arm-eabi/4.3.3/../../../../arm-eabi/lib/thumb/libg.a(lib_a-fwalk.o)
                0x02009628                _fwalk
                0x020095c0                _fwalk_reent
 .text          0x02009688       0xec /opt/devkitPro/devkitARM/lib/gcc/arm-eabi/4.3.3/../../../../arm-eabi/lib/thumb/libg.a(lib_a-iswspace.o)
                0x02009688                iswspace
 .text          0x02009774      0x178 /opt/devkitPro/devkitARM/lib/gcc/arm-eabi/4.3.3/../../../../arm-eabi/lib/thumb/libg.a(lib_a-jp2uc.o)
                0x02009774                __jp2uc
 .text          0x020098ec      0x28c /opt/devkitPro/devkitARM/lib/gcc/arm-eabi/4.3.3/../../../../arm-eabi/lib/thumb/libg.a(lib_a-locale.o)
                0x02009908                _setlocale_r
                0x020098ec                __locale_charset
                0x020098f8                _localeconv_r
                0x02009b5c                setlocale
                0x02009900                localeconv
 .text          0x02009b78       0xe8 /opt/devkitPro/devkitARM/lib/gcc/arm-eabi/4.3.3/../../../../arm-eabi/lib/thumb/libg.a(lib_a-makebuf.o)
                0x02009b78                __smakebuf_r
 .text          0x02009c60       0x70 /opt/devkitPro/devkitARM/lib/gcc/arm-eabi/4.3.3/../../../../arm-eabi/lib/thumb/libg.a(lib_a-mbrtowc.o)
                0x02009ca8                mbrtowc
                0x02009c60                _mbrtowc_r
 .text          0x02009cd0      0x69c /opt/devkitPro/devkitARM/lib/gcc/arm-eabi/4.3.3/../../../../arm-eabi/lib/thumb/libg.a(lib_a-mbtowc_r.o)
                0x02009cd0                _mbtowc_r
 .text          0x0200a36c       0x8c /opt/devkitPro/devkitARM/lib/gcc/arm-eabi/4.3.3/../../../../arm-eabi/lib/thumb/libg.a(lib_a-memchr.o)
                0x0200a36c                memchr
 .text          0x0200a3f8       0xb0 /opt/devkitPro/devkitARM/lib/gcc/arm-eabi/4.3.3/../../../../arm-eabi/lib/thumb/libg.a(lib_a-memmove.o)
                0x0200a3f8                memmove
 .text          0x0200a4a8       0x78 /opt/devkitPro/devkitARM/lib/gcc/arm-eabi/4.3.3/../../../../arm-eabi/lib/thumb/libg.a(lib_a-sccl.o)
                0x0200a4a8                __sccl
 .text          0x0200a520       0xb8 /opt/devkitPro/devkitARM/lib/gcc/arm-eabi/4.3.3/../../../../arm-eabi/lib/thumb/libg.a(lib_a-stdio.o)
                0x0200a534                __sseek
                0x0200a5a8                __sread
                0x0200a520                __sclose
                0x0200a568                __swrite
 .text          0x0200a5d8       0x5c /opt/devkitPro/devkitARM/lib/gcc/arm-eabi/4.3.3/../../../../arm-eabi/lib/thumb/libg.a(lib_a-strcmp.o)
                0x0200a5d8                strcmp
 .text          0x0200a634       0x48 /opt/devkitPro/devkitARM/lib/gcc/arm-eabi/4.3.3/../../../../arm-eabi/lib/thumb/libg.a(lib_a-strcpy.o)
                0x0200a634                strcpy
 .text          0x0200a67c      0x18c /opt/devkitPro/devkitARM/lib/gcc/arm-eabi/4.3.3/../../../../arm-eabi/lib/thumb/libg.a(lib_a-strtol.o)
                0x0200a7e4                strtol
                0x0200a67c                _strtol_r
 .text          0x0200a808      0x190 /opt/devkitPro/devkitARM/lib/gcc/arm-eabi/4.3.3/../../../../arm-eabi/lib/thumb/libg.a(lib_a-strtoul.o)
                0x0200a974                strtoul
                0x0200a808                _strtoul_r
 .text          0x0200a998       0xc0 /opt/devkitPro/devkitARM/lib/gcc/arm-eabi/4.3.3/../../../../arm-eabi/lib/thumb/libg.a(lib_a-fclose.o)
                0x0200a998                _fclose_r
                0x0200aa3c                fclose
 .text          0x0200aa58      0x134 /opt/devkitPro/devkitARM/lib/gcc/arm-eabi/4.3.3/../../../../arm-eabi/lib/thumb/libsysbase.a(iosupport.o)
                0x0200ab68                RemoveDevice
                0x0200aa58                setDefaultDevice
                0x0200aa6c                AddDevice
                0x0200ab48                GetDeviceOpTab
                0x0200aae4                FindDevice
 .text          0x0200ab8c       0x54 /opt/devkitPro/devkitARM/lib/gcc/arm-eabi/4.3.3/../../../../arm-eabi/lib/thumb/libsysbase.a(close.o)
                0x0200ab8c                _close_r
 .text          0x0200abe0       0x5c /opt/devkitPro/devkitARM/lib/gcc/arm-eabi/4.3.3/../../../../arm-eabi/lib/thumb/libsysbase.a(fstat.o)
                0x0200abe0                _fstat_r
 .text          0x0200ac3c        0x4 /opt/devkitPro/devkitARM/lib/gcc/arm-eabi/4.3.3/../../../../arm-eabi/lib/thumb/libsysbase.a(isatty.o)
                0x0200ac3c                _isatty_r
 .text          0x0200ac40       0x54 /opt/devkitPro/devkitARM/lib/gcc/arm-eabi/4.3.3/../../../../arm-eabi/lib/thumb/libsysbase.a(lseek.o)
                0x0200ac40                _lseek_r
 .text          0x0200ac94       0x54 /opt/devkitPro/devkitARM/lib/gcc/arm-eabi/4.3.3/../../../../arm-eabi/lib/thumb/libsysbase.a(read.o)
                0x0200ac94                _read_r
 .text          0x0200ace8       0x54 /opt/devkitPro/devkitARM/lib/gcc/arm-eabi/4.3.3/../../../../arm-eabi/lib/thumb/libsysbase.a(sbrk.o)
                0x0200ace8                _sbrk_r
 .text          0x0200ad3c       0x4c /opt/devkitPro/devkitARM/lib/gcc/arm-eabi/4.3.3/../../../../arm-eabi/lib/thumb/libsysbase.a(times.o)
                0x0200ad44                _gettimeofday_r
                0x0200ad3c                _times_r
                0x0200ad70                _times
 .text          0x0200ad88       0x54 /opt/devkitPro/devkitARM/lib/gcc/arm-eabi/4.3.3/../../../../arm-eabi/lib/thumb/libsysbase.a(write.o)
                0x0200ad88                _write_r
 .text          0x0200addc        0x0 /opt/devkitPro/devkitARM/lib/gcc/arm-eabi/4.3.3/../../../../arm-eabi/lib/thumb/libsysbase.a(malloc_vars.o)
 .text          0x0200addc       0x54 /opt/devkitPro/devkitARM/lib/gcc/arm-eabi/4.3.3/../../../../arm-eabi/lib/thumb/libsysbase.a(build_argv.o)
                0x0200addc                build_argv
 .text          0x0200ae30       0x90 /opt/devkitPro/devkitARM/lib/gcc/arm-eabi/4.3.3/../../../../arm-eabi/lib/thumb/libsysbase.a(handle_manager.o)
                0x0200ae90                __release_handle
                0x0200ae50                __alloc_handle
                0x0200ae30                __get_handle
 .text          0x0200aec0       0x8c /opt/devkitPro/devkitARM/lib/gcc/arm-eabi/4.3.3/thumb/libgcc.a(_udivsi3.o)
                0x0200aec0                __udivsi3
                0x0200aec0                __aeabi_uidiv
                0x0200af3c                __aeabi_uidivmod
 .text          0x0200af4c       0x70 /opt/devkitPro/devkitARM/lib/gcc/arm-eabi/4.3.3/thumb/libgcc.a(_muldi3.o)
                0x0200af4c                __aeabi_lmul
                0x0200af4c                __muldi3
 .text          0x0200afbc        0xc /opt/devkitPro/devkitARM/lib/gcc/arm-eabi/4.3.3/../../../../arm-eabi/lib/thumb/libg.a(lib_a-errno.o)
                0x0200afbc                __errno
 .text          0x0200afc8       0x9c /opt/devkitPro/devkitARM/lib/gcc/arm-eabi/4.3.3/../../../../arm-eabi/lib/thumb/libg.a(lib_a-strncmp.o)
                0x0200afc8                strncmp
 .text          0x0200b064        0x0 /opt/devkitPro/devkitARM/lib/gcc/arm-eabi/4.3.3/thumb/crtend.o
 .text          0x0200b064        0x0 /opt/devkitPro/devkitARM/lib/gcc/arm-eabi/4.3.3/thumb/crtn.o
 *(.text.*)
 *(.stub)
 *(.gnu.warning)
 *(.gnu.linkonce.t*)
 *(.glue_7)
 .glue_7        0x0200b064        0x0 /opt/devkitPro/devkitARM/lib/gcc/arm-eabi/4.3.3/../../../../arm-eabi/lib/thumb/ds_arm9_crt0.o
 .glue_7        0x0200b064        0x0 /opt/devkitPro/devkitARM/lib/gcc/arm-eabi/4.3.3/thumb/crti.o
 .glue_7        0x0200b064        0x0 /opt/devkitPro/devkitARM/lib/gcc/arm-eabi/4.3.3/thumb/crtbegin.o
 .glue_7        0x0200b064        0x0 soundbank.bin.o
 .glue_7        0x0200b064        0x0 FondoAmarillo1.o
 .glue_7        0x0200b064        0x0 FondoAmarillo2.o
 .glue_7        0x0200b064        0x0 FondoAmarillo3.o
 .glue_7        0x0200b064        0x0 FondoAmarilloM.o
 .glue_7        0x0200b064        0x0 FondoAmarillo.o
 .glue_7        0x0200b064        0x0 FondoAngry.o
 .glue_7        0x0200b064        0x0 FondoCapyM.o
 .glue_7        0x0200b064        0x0 FondoCapy.o
 .glue_7        0x0200b064        0x0 FondoCreditos.o
 .glue_7        0x0200b064        0x0 FondoFin.o
 .glue_7        0x0200b064        0x0 FondoMenu2.o
 .glue_7        0x0200b064        0x0 FondoMenu.o
 .glue_7        0x0200b064        0x0 FondoMorado1.o
 .glue_7        0x0200b064        0x0 FondoMorado2.o
 .glue_7        0x0200b064        0x0 FondoMorado3.o
 .glue_7        0x0200b064        0x0 FondoMorado4.o
 .glue_7        0x0200b064        0x0 FondoMorado5.o
 .glue_7        0x0200b064        0x0 FondoMoradoM.o
 .glue_7        0x0200b064        0x0 FondoMorado.o
 .glue_7        0x0200b064        0x0 FondoOpciones000.o
 .glue_7        0x0200b064        0x0 FondoOpciones001.o
 .glue_7        0x0200b064        0x0 FondoOpciones010.o
 .glue_7        0x0200b064        0x0 FondoOpciones011.o
 .glue_7        0x0200b064        0x0 FondoOpciones100.o
 .glue_7        0x0200b064        0x0 FondoOpciones101.o
 .glue_7        0x0200b064        0x0 FondoOpciones110.o
 .glue_7        0x0200b064        0x0 FondoOpciones111.o
 .glue_7        0x0200b064        0x0 FondoPausa2.o
 .glue_7        0x0200b064        0x0 FondoPausa.o
 .glue_7        0x0200b064        0x0 FondoRojo1.o
 .glue_7        0x0200b064        0x0 FondoRojo2.o
 .glue_7        0x0200b064        0x0 FondoRojo3.o
 .glue_7        0x0200b064        0x0 FondoRojoM.o
 .glue_7        0x0200b064        0x0 FondoRojo.o
 .glue_7        0x0200b064        0x0 FondoVerde1.o
 .glue_7        0x0200b064        0x0 FondoVerde2.o
 .glue_7        0x0200b064        0x0 FondoVerde3.o
 .glue_7        0x0200b064        0x0 FondoVerdeM.o
 .glue_7        0x0200b064        0x0 FondoVerde.o
 .glue_7        0x0200b064        0x0 fondos.o
 .glue_7        0x0200b064        0x0 graficos.o
 .glue_7        0x0200b064        0x0 juego.o
 .glue_7        0x0200b064        0x0 main.o
 .glue_7        0x0200b064        0x0 perifericos.o
 .glue_7        0x0200b064        0x0 rutinasAtencion.o
 .glue_7        0x0200b064        0x0 sprites.o
 .glue_7        0x0200b064        0x0 /opt/devkitPro/libnds/lib/libnds9.a(console.o)
 .glue_7        0x0200b064        0x0 /opt/devkitPro/libnds/lib/libnds9.a(initSystem.o)
 .glue_7        0x0200b064        0x0 /opt/devkitPro/libnds/lib/libnds9.a(sprite.o)
 .glue_7        0x0200b064        0x0 /opt/devkitPro/libnds/lib/libnds9.a(sprite_alloc.o)
 .glue_7        0x0200b064        0x0 /opt/devkitPro/libnds/lib/libnds9.a(system.o)
 .glue_7        0x0200b064        0x0 /opt/devkitPro/libnds/lib/libnds9.a(touch.o)
 .glue_7        0x0200b064        0x0 /opt/devkitPro/libnds/lib/libnds9.a(trig.o)
 .glue_7        0x0200b064        0x0 /opt/devkitPro/libnds/lib/libnds9.a(video.o)
 .glue_7        0x0200b064        0x0 /opt/devkitPro/libnds/lib/libnds9.a(fifosystem.o)
 .glue_7        0x0200b064        0x0 /opt/devkitPro/libnds/lib/libnds9.a(interrupts.o)
 .glue_7        0x0200b064        0x0 /opt/devkitPro/libnds/lib/libnds9.a(dcache.o)
 .glue_7        0x0200b064        0x0 /opt/devkitPro/libnds/lib/libnds9.a(biosCalls.o)
 .glue_7        0x0200b064        0x0 /opt/devkitPro/libnds/lib/libnds9.a(debugprint.o)
 .glue_7        0x0200b064        0x0 /opt/devkitPro/libnds/lib/libnds9.a(interruptDispatcher.o)
 .glue_7        0x0200b064        0x0 /opt/devkitPro/libnds/lib/libnds9.a(default_font.bin.o)
 .glue_7        0x0200b064        0x0 /opt/devkitPro/libnds/lib/libnds9.a(background.o)
 .glue_7        0x0200b064        0x0 /opt/devkitPro/devkitARM/lib/gcc/arm-eabi/4.3.3/thumb/libgcc.a(_divsi3.o)
 .glue_7        0x0200b064        0x0 /opt/devkitPro/devkitARM/lib/gcc/arm-eabi/4.3.3/thumb/libgcc.a(_dvmd_tls.o)
 .glue_7        0x0200b064        0x0 /opt/devkitPro/devkitARM/lib/gcc/arm-eabi/4.3.3/../../../../arm-eabi/lib/thumb/libg.a(lib_a-bsearch.o)
 .glue_7        0x0200b064        0x0 /opt/devkitPro/devkitARM/lib/gcc/arm-eabi/4.3.3/../../../../arm-eabi/lib/thumb/libg.a(lib_a-impure.o)
 .glue_7        0x0200b064        0x0 /opt/devkitPro/devkitARM/lib/gcc/arm-eabi/4.3.3/../../../../arm-eabi/lib/thumb/libg.a(lib_a-init.o)
 .glue_7        0x0200b064        0x0 /opt/devkitPro/devkitARM/lib/gcc/arm-eabi/4.3.3/../../../../arm-eabi/lib/thumb/libg.a(lib_a-iprintf.o)
 .glue_7        0x0200b064        0x0 /opt/devkitPro/devkitARM/lib/gcc/arm-eabi/4.3.3/../../../../arm-eabi/lib/thumb/libg.a(lib_a-malloc.o)
 .glue_7        0x0200b064        0x0 /opt/devkitPro/devkitARM/lib/gcc/arm-eabi/4.3.3/../../../../arm-eabi/lib/thumb/libg.a(lib_a-mallocr.o)
 .glue_7        0x0200b064        0x0 /opt/devkitPro/devkitARM/lib/gcc/arm-eabi/4.3.3/../../../../arm-eabi/lib/thumb/libg.a(lib_a-memcpy.o)
 .glue_7        0x0200b064        0x0 /opt/devkitPro/devkitARM/lib/gcc/arm-eabi/4.3.3/../../../../arm-eabi/lib/thumb/libg.a(lib_a-memset.o)
 .glue_7        0x0200b064        0x0 /opt/devkitPro/devkitARM/lib/gcc/arm-eabi/4.3.3/../../../../arm-eabi/lib/thumb/libg.a(lib_a-mlock.o)
 .glue_7        0x0200b064        0x0 /opt/devkitPro/devkitARM/lib/gcc/arm-eabi/4.3.3/../../../../arm-eabi/lib/thumb/libg.a(lib_a-rand.o)
 .glue_7        0x0200b064        0x0 /opt/devkitPro/devkitARM/lib/gcc/arm-eabi/4.3.3/../../../../arm-eabi/lib/thumb/libg.a(lib_a-realloc.o)
 .glue_7        0x0200b064        0x0 /opt/devkitPro/devkitARM/lib/gcc/arm-eabi/4.3.3/../../../../arm-eabi/lib/thumb/libg.a(lib_a-reallocr.o)
 .glue_7        0x0200b064        0x0 /opt/devkitPro/devkitARM/lib/gcc/arm-eabi/4.3.3/../../../../arm-eabi/lib/thumb/libg.a(lib_a-setvbuf.o)
 .glue_7        0x0200b064        0x0 /opt/devkitPro/devkitARM/lib/gcc/arm-eabi/4.3.3/../../../../arm-eabi/lib/thumb/libg.a(lib_a-siscanf.o)
 .glue_7        0x0200b064        0x0 /opt/devkitPro/devkitARM/lib/gcc/arm-eabi/4.3.3/../../../../arm-eabi/lib/thumb/libg.a(lib_a-strlen.o)
 .glue_7        0x0200b064        0x0 /opt/devkitPro/devkitARM/lib/gcc/arm-eabi/4.3.3/../../../../arm-eabi/lib/thumb/libg.a(lib_a-svfiscanf.o)
 .glue_7        0x0200b064        0x0 /opt/devkitPro/devkitARM/lib/gcc/arm-eabi/4.3.3/../../../../arm-eabi/lib/thumb/libg.a(lib_a-ungetc.o)
 .glue_7        0x0200b064        0x0 /opt/devkitPro/devkitARM/lib/gcc/arm-eabi/4.3.3/../../../../arm-eabi/lib/thumb/libg.a(lib_a-vfiprintf.o)
 .glue_7        0x0200b064        0x0 /opt/devkitPro/devkitARM/lib/gcc/arm-eabi/4.3.3/../../../../arm-eabi/lib/thumb/libg.a(lib_a-wcrtomb.o)
 .glue_7        0x0200b064        0x0 /opt/devkitPro/devkitARM/lib/gcc/arm-eabi/4.3.3/../../../../arm-eabi/lib/thumb/libg.a(lib_a-wcsrtombs.o)
 .glue_7        0x0200b064        0x0 /opt/devkitPro/devkitARM/lib/gcc/arm-eabi/4.3.3/../../../../arm-eabi/lib/thumb/libg.a(lib_a-wctomb_r.o)
 .glue_7        0x0200b064        0x0 /opt/devkitPro/devkitARM/lib/gcc/arm-eabi/4.3.3/../../../../arm-eabi/lib/thumb/libg.a(lib_a-wsetup.o)
 .glue_7        0x0200b064        0x0 /opt/devkitPro/devkitARM/lib/gcc/arm-eabi/4.3.3/../../../../arm-eabi/lib/thumb/libg.a(lib_a-ctype_.o)
 .glue_7        0x0200b064        0x0 /opt/devkitPro/devkitARM/lib/gcc/arm-eabi/4.3.3/../../../../arm-eabi/lib/thumb/libg.a(lib_a-fflush.o)
 .glue_7        0x0200b064        0x0 /opt/devkitPro/devkitARM/lib/gcc/arm-eabi/4.3.3/../../../../arm-eabi/lib/thumb/libg.a(lib_a-findfp.o)
 .glue_7        0x0200b064        0x0 /opt/devkitPro/devkitARM/lib/gcc/arm-eabi/4.3.3/../../../../arm-eabi/lib/thumb/libg.a(lib_a-freer.o)
 .glue_7        0x0200b064        0x0 /opt/devkitPro/devkitARM/lib/gcc/arm-eabi/4.3.3/../../../../arm-eabi/lib/thumb/libg.a(lib_a-fvwrite.o)
 .glue_7        0x0200b064        0x0 /opt/devkitPro/devkitARM/lib/gcc/arm-eabi/4.3.3/../../../../arm-eabi/lib/thumb/libg.a(lib_a-fwalk.o)
 .glue_7        0x0200b064        0x0 /opt/devkitPro/devkitARM/lib/gcc/arm-eabi/4.3.3/../../../../arm-eabi/lib/thumb/libg.a(lib_a-iswspace.o)
 .glue_7        0x0200b064        0x0 /opt/devkitPro/devkitARM/lib/gcc/arm-eabi/4.3.3/../../../../arm-eabi/lib/thumb/libg.a(lib_a-jp2uc.o)
 .glue_7        0x0200b064        0x0 /opt/devkitPro/devkitARM/lib/gcc/arm-eabi/4.3.3/../../../../arm-eabi/lib/thumb/libg.a(lib_a-locale.o)
 .glue_7        0x0200b064        0x0 /opt/devkitPro/devkitARM/lib/gcc/arm-eabi/4.3.3/../../../../arm-eabi/lib/thumb/libg.a(lib_a-makebuf.o)
 .glue_7        0x0200b064        0x0 /opt/devkitPro/devkitARM/lib/gcc/arm-eabi/4.3.3/../../../../arm-eabi/lib/thumb/libg.a(lib_a-mbrtowc.o)
 .glue_7        0x0200b064        0x0 /opt/devkitPro/devkitARM/lib/gcc/arm-eabi/4.3.3/../../../../arm-eabi/lib/thumb/libg.a(lib_a-mbtowc_r.o)
 .glue_7        0x0200b064        0x0 /opt/devkitPro/devkitARM/lib/gcc/arm-eabi/4.3.3/../../../../arm-eabi/lib/thumb/libg.a(lib_a-memchr.o)
 .glue_7        0x0200b064        0x0 /opt/devkitPro/devkitARM/lib/gcc/arm-eabi/4.3.3/../../../../arm-eabi/lib/thumb/libg.a(lib_a-memmove.o)
 .glue_7        0x0200b064        0x0 /opt/devkitPro/devkitARM/lib/gcc/arm-eabi/4.3.3/../../../../arm-eabi/lib/thumb/libg.a(lib_a-sccl.o)
 .glue_7        0x0200b064        0x0 /opt/devkitPro/devkitARM/lib/gcc/arm-eabi/4.3.3/../../../../arm-eabi/lib/thumb/libg.a(lib_a-stdio.o)
 .glue_7        0x0200b064        0x0 /opt/devkitPro/devkitARM/lib/gcc/arm-eabi/4.3.3/../../../../arm-eabi/lib/thumb/libg.a(lib_a-strcmp.o)
 .glue_7        0x0200b064        0x0 /opt/devkitPro/devkitARM/lib/gcc/arm-eabi/4.3.3/../../../../arm-eabi/lib/thumb/libg.a(lib_a-strcpy.o)
 .glue_7        0x0200b064        0x0 /opt/devkitPro/devkitARM/lib/gcc/arm-eabi/4.3.3/../../../../arm-eabi/lib/thumb/libg.a(lib_a-strtol.o)
 .glue_7        0x0200b064        0x0 /opt/devkitPro/devkitARM/lib/gcc/arm-eabi/4.3.3/../../../../arm-eabi/lib/thumb/libg.a(lib_a-strtoul.o)
 .glue_7        0x0200b064        0x0 /opt/devkitPro/devkitARM/lib/gcc/arm-eabi/4.3.3/../../../../arm-eabi/lib/thumb/libg.a(lib_a-fclose.o)
 .glue_7        0x0200b064        0x0 /opt/devkitPro/devkitARM/lib/gcc/arm-eabi/4.3.3/../../../../arm-eabi/lib/thumb/libsysbase.a(iosupport.o)
 .glue_7        0x0200b064        0x0 /opt/devkitPro/devkitARM/lib/gcc/arm-eabi/4.3.3/../../../../arm-eabi/lib/thumb/libsysbase.a(close.o)
 .glue_7        0x0200b064        0x0 /opt/devkitPro/devkitARM/lib/gcc/arm-eabi/4.3.3/../../../../arm-eabi/lib/thumb/libsysbase.a(fstat.o)
 .glue_7        0x0200b064        0x0 /opt/devkitPro/devkitARM/lib/gcc/arm-eabi/4.3.3/../../../../arm-eabi/lib/thumb/libsysbase.a(isatty.o)
 .glue_7        0x0200b064        0x0 /opt/devkitPro/devkitARM/lib/gcc/arm-eabi/4.3.3/../../../../arm-eabi/lib/thumb/libsysbase.a(lseek.o)
 .glue_7        0x0200b064        0x0 /opt/devkitPro/devkitARM/lib/gcc/arm-eabi/4.3.3/../../../../arm-eabi/lib/thumb/libsysbase.a(read.o)
 .glue_7        0x0200b064        0x0 /opt/devkitPro/devkitARM/lib/gcc/arm-eabi/4.3.3/../../../../arm-eabi/lib/thumb/libsysbase.a(sbrk.o)
 .glue_7        0x0200b064        0x0 /opt/devkitPro/devkitARM/lib/gcc/arm-eabi/4.3.3/../../../../arm-eabi/lib/thumb/libsysbase.a(times.o)
 .glue_7        0x0200b064        0x0 /opt/devkitPro/devkitARM/lib/gcc/arm-eabi/4.3.3/../../../../arm-eabi/lib/thumb/libsysbase.a(write.o)
 .glue_7        0x0200b064        0x0 /opt/devkitPro/devkitARM/lib/gcc/arm-eabi/4.3.3/../../../../arm-eabi/lib/thumb/libsysbase.a(malloc_vars.o)
 .glue_7        0x0200b064        0x0 /opt/devkitPro/devkitARM/lib/gcc/arm-eabi/4.3.3/../../../../arm-eabi/lib/thumb/libsysbase.a(build_argv.o)
 .glue_7        0x0200b064        0x0 /opt/devkitPro/devkitARM/lib/gcc/arm-eabi/4.3.3/../../../../arm-eabi/lib/thumb/libsysbase.a(handle_manager.o)
 .glue_7        0x0200b064        0x0 /opt/devkitPro/devkitARM/lib/gcc/arm-eabi/4.3.3/thumb/libgcc.a(_udivsi3.o)
 .glue_7        0x0200b064        0x0 /opt/devkitPro/devkitARM/lib/gcc/arm-eabi/4.3.3/thumb/libgcc.a(_muldi3.o)
 .glue_7        0x0200b064        0x0 /opt/devkitPro/devkitARM/lib/gcc/arm-eabi/4.3.3/../../../../arm-eabi/lib/thumb/libg.a(lib_a-errno.o)
 .glue_7        0x0200b064        0x0 /opt/devkitPro/devkitARM/lib/gcc/arm-eabi/4.3.3/../../../../arm-eabi/lib/thumb/libg.a(lib_a-strncmp.o)
 .glue_7        0x0200b064        0x0 /opt/devkitPro/devkitARM/lib/gcc/arm-eabi/4.3.3/thumb/crtend.o
 .glue_7        0x0200b064        0x0 /opt/devkitPro/devkitARM/lib/gcc/arm-eabi/4.3.3/thumb/crtn.o
 *(.glue_7t)
 .glue_7t       0x0200b064        0x0 /opt/devkitPro/devkitARM/lib/gcc/arm-eabi/4.3.3/../../../../arm-eabi/lib/thumb/ds_arm9_crt0.o
 .glue_7t       0x0200b064        0x0 /opt/devkitPro/devkitARM/lib/gcc/arm-eabi/4.3.3/thumb/crti.o
 .glue_7t       0x0200b064        0x0 /opt/devkitPro/devkitARM/lib/gcc/arm-eabi/4.3.3/thumb/crtbegin.o
 .glue_7t       0x0200b064        0x0 soundbank.bin.o
 .glue_7t       0x0200b064        0x0 FondoAmarillo1.o
 .glue_7t       0x0200b064        0x0 FondoAmarillo2.o
 .glue_7t       0x0200b064        0x0 FondoAmarillo3.o
 .glue_7t       0x0200b064        0x0 FondoAmarilloM.o
 .glue_7t       0x0200b064        0x0 FondoAmarillo.o
 .glue_7t       0x0200b064        0x0 FondoAngry.o
 .glue_7t       0x0200b064        0x0 FondoCapyM.o
 .glue_7t       0x0200b064        0x0 FondoCapy.o
 .glue_7t       0x0200b064        0x0 FondoCreditos.o
 .glue_7t       0x0200b064        0x0 FondoFin.o
 .glue_7t       0x0200b064        0x0 FondoMenu2.o
 .glue_7t       0x0200b064        0x0 FondoMenu.o
 .glue_7t       0x0200b064        0x0 FondoMorado1.o
 .glue_7t       0x0200b064        0x0 FondoMorado2.o
 .glue_7t       0x0200b064        0x0 FondoMorado3.o
 .glue_7t       0x0200b064        0x0 FondoMorado4.o
 .glue_7t       0x0200b064        0x0 FondoMorado5.o
 .glue_7t       0x0200b064        0x0 FondoMoradoM.o
 .glue_7t       0x0200b064        0x0 FondoMorado.o
 .glue_7t       0x0200b064        0x0 FondoOpciones000.o
 .glue_7t       0x0200b064        0x0 FondoOpciones001.o
 .glue_7t       0x0200b064        0x0 FondoOpciones010.o
 .glue_7t       0x0200b064        0x0 FondoOpciones011.o
 .glue_7t       0x0200b064        0x0 FondoOpciones100.o
 .glue_7t       0x0200b064        0x0 FondoOpciones101.o
 .glue_7t       0x0200b064        0x0 FondoOpciones110.o
 .glue_7t       0x0200b064        0x0 FondoOpciones111.o
 .glue_7t       0x0200b064        0x0 FondoPausa2.o
 .glue_7t       0x0200b064        0x0 FondoPausa.o
 .glue_7t       0x0200b064        0x0 FondoRojo1.o
 .glue_7t       0x0200b064        0x0 FondoRojo2.o
 .glue_7t       0x0200b064        0x0 FondoRojo3.o
 .glue_7t       0x0200b064        0x0 FondoRojoM.o
 .glue_7t       0x0200b064        0x0 FondoRojo.o
 .glue_7t       0x0200b064        0x0 FondoVerde1.o
 .glue_7t       0x0200b064        0x0 FondoVerde2.o
 .glue_7t       0x0200b064        0x0 FondoVerde3.o
 .glue_7t       0x0200b064        0x0 FondoVerdeM.o
 .glue_7t       0x0200b064        0x0 FondoVerde.o
 .glue_7t       0x0200b064        0x0 fondos.o
 .glue_7t       0x0200b064        0x0 graficos.o
 .glue_7t       0x0200b064        0x0 juego.o
 .glue_7t       0x0200b064        0x0 main.o
 .glue_7t       0x0200b064        0x0 perifericos.o
 .glue_7t       0x0200b064        0x0 rutinasAtencion.o
 .glue_7t       0x0200b064        0x0 sprites.o
 .glue_7t       0x0200b064        0x0 /opt/devkitPro/libnds/lib/libnds9.a(console.o)
 .glue_7t       0x0200b064        0x0 /opt/devkitPro/libnds/lib/libnds9.a(initSystem.o)
 .glue_7t       0x0200b064        0x0 /opt/devkitPro/libnds/lib/libnds9.a(sprite.o)
 .glue_7t       0x0200b064        0x0 /opt/devkitPro/libnds/lib/libnds9.a(sprite_alloc.o)
 .glue_7t       0x0200b064        0x0 /opt/devkitPro/libnds/lib/libnds9.a(system.o)
 .glue_7t       0x0200b064        0x0 /opt/devkitPro/libnds/lib/libnds9.a(touch.o)
 .glue_7t       0x0200b064        0x0 /opt/devkitPro/libnds/lib/libnds9.a(trig.o)
 .glue_7t       0x0200b064        0x0 /opt/devkitPro/libnds/lib/libnds9.a(video.o)
 .glue_7t       0x0200b064        0x0 /opt/devkitPro/libnds/lib/libnds9.a(fifosystem.o)
 .glue_7t       0x0200b064        0x0 /opt/devkitPro/libnds/lib/libnds9.a(interrupts.o)
 .glue_7t       0x0200b064        0x0 /opt/devkitPro/libnds/lib/libnds9.a(dcache.o)
 .glue_7t       0x0200b064        0x0 /opt/devkitPro/libnds/lib/libnds9.a(biosCalls.o)
 .glue_7t       0x0200b064        0x0 /opt/devkitPro/libnds/lib/libnds9.a(debugprint.o)
 .glue_7t       0x0200b064        0x0 /opt/devkitPro/libnds/lib/libnds9.a(interruptDispatcher.o)
 .glue_7t       0x0200b064        0x0 /opt/devkitPro/libnds/lib/libnds9.a(default_font.bin.o)
 .glue_7t       0x0200b064        0x0 /opt/devkitPro/libnds/lib/libnds9.a(background.o)
 .glue_7t       0x0200b064        0x0 /opt/devkitPro/devkitARM/lib/gcc/arm-eabi/4.3.3/thumb/libgcc.a(_divsi3.o)
 .glue_7t       0x0200b064        0x0 /opt/devkitPro/devkitARM/lib/gcc/arm-eabi/4.3.3/thumb/libgcc.a(_dvmd_tls.o)
 .glue_7t       0x0200b064        0x0 /opt/devkitPro/devkitARM/lib/gcc/arm-eabi/4.3.3/../../../../arm-eabi/lib/thumb/libg.a(lib_a-bsearch.o)
 .glue_7t       0x0200b064        0x0 /opt/devkitPro/devkitARM/lib/gcc/arm-eabi/4.3.3/../../../../arm-eabi/lib/thumb/libg.a(lib_a-impure.o)
 .glue_7t       0x0200b064        0x0 /opt/devkitPro/devkitARM/lib/gcc/arm-eabi/4.3.3/../../../../arm-eabi/lib/thumb/libg.a(lib_a-init.o)
 .glue_7t       0x0200b064        0x0 /opt/devkitPro/devkitARM/lib/gcc/arm-eabi/4.3.3/../../../../arm-eabi/lib/thumb/libg.a(lib_a-iprintf.o)
 .glue_7t       0x0200b064        0x0 /opt/devkitPro/devkitARM/lib/gcc/arm-eabi/4.3.3/../../../../arm-eabi/lib/thumb/libg.a(lib_a-malloc.o)
 .glue_7t       0x0200b064        0x0 /opt/devkitPro/devkitARM/lib/gcc/arm-eabi/4.3.3/../../../../arm-eabi/lib/thumb/libg.a(lib_a-mallocr.o)
 .glue_7t       0x0200b064        0x0 /opt/devkitPro/devkitARM/lib/gcc/arm-eabi/4.3.3/../../../../arm-eabi/lib/thumb/libg.a(lib_a-memcpy.o)
 .glue_7t       0x0200b064        0x0 /opt/devkitPro/devkitARM/lib/gcc/arm-eabi/4.3.3/../../../../arm-eabi/lib/thumb/libg.a(lib_a-memset.o)
 .glue_7t       0x0200b064        0x0 /opt/devkitPro/devkitARM/lib/gcc/arm-eabi/4.3.3/../../../../arm-eabi/lib/thumb/libg.a(lib_a-mlock.o)
 .glue_7t       0x0200b064        0x0 /opt/devkitPro/devkitARM/lib/gcc/arm-eabi/4.3.3/../../../../arm-eabi/lib/thumb/libg.a(lib_a-rand.o)
 .glue_7t       0x0200b064        0x0 /opt/devkitPro/devkitARM/lib/gcc/arm-eabi/4.3.3/../../../../arm-eabi/lib/thumb/libg.a(lib_a-realloc.o)
 .glue_7t       0x0200b064        0x0 /opt/devkitPro/devkitARM/lib/gcc/arm-eabi/4.3.3/../../../../arm-eabi/lib/thumb/libg.a(lib_a-reallocr.o)
 .glue_7t       0x0200b064        0x0 /opt/devkitPro/devkitARM/lib/gcc/arm-eabi/4.3.3/../../../../arm-eabi/lib/thumb/libg.a(lib_a-setvbuf.o)
 .glue_7t       0x0200b064        0x0 /opt/devkitPro/devkitARM/lib/gcc/arm-eabi/4.3.3/../../../../arm-eabi/lib/thumb/libg.a(lib_a-siscanf.o)
 .glue_7t       0x0200b064        0x0 /opt/devkitPro/devkitARM/lib/gcc/arm-eabi/4.3.3/../../../../arm-eabi/lib/thumb/libg.a(lib_a-strlen.o)
 .glue_7t       0x0200b064        0x0 /opt/devkitPro/devkitARM/lib/gcc/arm-eabi/4.3.3/../../../../arm-eabi/lib/thumb/libg.a(lib_a-svfiscanf.o)
 .glue_7t       0x0200b064        0x0 /opt/devkitPro/devkitARM/lib/gcc/arm-eabi/4.3.3/../../../../arm-eabi/lib/thumb/libg.a(lib_a-ungetc.o)
 .glue_7t       0x0200b064        0x0 /opt/devkitPro/devkitARM/lib/gcc/arm-eabi/4.3.3/../../../../arm-eabi/lib/thumb/libg.a(lib_a-vfiprintf.o)
 .glue_7t       0x0200b064        0x0 /opt/devkitPro/devkitARM/lib/gcc/arm-eabi/4.3.3/../../../../arm-eabi/lib/thumb/libg.a(lib_a-wcrtomb.o)
 .glue_7t       0x0200b064        0x0 /opt/devkitPro/devkitARM/lib/gcc/arm-eabi/4.3.3/../../../../arm-eabi/lib/thumb/libg.a(lib_a-wcsrtombs.o)
 .glue_7t       0x0200b064        0x0 /opt/devkitPro/devkitARM/lib/gcc/arm-eabi/4.3.3/../../../../arm-eabi/lib/thumb/libg.a(lib_a-wctomb_r.o)
 .glue_7t       0x0200b064        0x0 /opt/devkitPro/devkitARM/lib/gcc/arm-eabi/4.3.3/../../../../arm-eabi/lib/thumb/libg.a(lib_a-wsetup.o)
 .glue_7t       0x0200b064        0x0 /opt/devkitPro/devkitARM/lib/gcc/arm-eabi/4.3.3/../../../../arm-eabi/lib/thumb/libg.a(lib_a-ctype_.o)
 .glue_7t       0x0200b064        0x0 /opt/devkitPro/devkitARM/lib/gcc/arm-eabi/4.3.3/../../../../arm-eabi/lib/thumb/libg.a(lib_a-fflush.o)
 .glue_7t       0x0200b064        0x0 /opt/devkitPro/devkitARM/lib/gcc/arm-eabi/4.3.3/../../../../arm-eabi/lib/thumb/libg.a(lib_a-findfp.o)
 .glue_7t       0x0200b064        0x0 /opt/devkitPro/devkitARM/lib/gcc/arm-eabi/4.3.3/../../../../arm-eabi/lib/thumb/libg.a(lib_a-freer.o)
 .glue_7t       0x0200b064        0x0 /opt/devkitPro/devkitARM/lib/gcc/arm-eabi/4.3.3/../../../../arm-eabi/lib/thumb/libg.a(lib_a-fvwrite.o)
 .glue_7t       0x0200b064        0x0 /opt/devkitPro/devkitARM/lib/gcc/arm-eabi/4.3.3/../../../../arm-eabi/lib/thumb/libg.a(lib_a-fwalk.o)
 .glue_7t       0x0200b064        0x0 /opt/devkitPro/devkitARM/lib/gcc/arm-eabi/4.3.3/../../../../arm-eabi/lib/thumb/libg.a(lib_a-iswspace.o)
 .glue_7t       0x0200b064        0x0 /opt/devkitPro/devkitARM/lib/gcc/arm-eabi/4.3.3/../../../../arm-eabi/lib/thumb/libg.a(lib_a-jp2uc.o)
 .glue_7t       0x0200b064        0x0 /opt/devkitPro/devkitARM/lib/gcc/arm-eabi/4.3.3/../../../../arm-eabi/lib/thumb/libg.a(lib_a-locale.o)
 .glue_7t       0x0200b064        0x0 /opt/devkitPro/devkitARM/lib/gcc/arm-eabi/4.3.3/../../../../arm-eabi/lib/thumb/libg.a(lib_a-makebuf.o)
 .glue_7t       0x0200b064        0x0 /opt/devkitPro/devkitARM/lib/gcc/arm-eabi/4.3.3/../../../../arm-eabi/lib/thumb/libg.a(lib_a-mbrtowc.o)
 .glue_7t       0x0200b064        0x0 /opt/devkitPro/devkitARM/lib/gcc/arm-eabi/4.3.3/../../../../arm-eabi/lib/thumb/libg.a(lib_a-mbtowc_r.o)
 .glue_7t       0x0200b064        0x0 /opt/devkitPro/devkitARM/lib/gcc/arm-eabi/4.3.3/../../../../arm-eabi/lib/thumb/libg.a(lib_a-memchr.o)
 .glue_7t       0x0200b064        0x0 /opt/devkitPro/devkitARM/lib/gcc/arm-eabi/4.3.3/../../../../arm-eabi/lib/thumb/libg.a(lib_a-memmove.o)
 .glue_7t       0x0200b064        0x0 /opt/devkitPro/devkitARM/lib/gcc/arm-eabi/4.3.3/../../../../arm-eabi/lib/thumb/libg.a(lib_a-sccl.o)
 .glue_7t       0x0200b064        0x0 /opt/devkitPro/devkitARM/lib/gcc/arm-eabi/4.3.3/../../../../arm-eabi/lib/thumb/libg.a(lib_a-stdio.o)
 .glue_7t       0x0200b064        0x0 /opt/devkitPro/devkitARM/lib/gcc/arm-eabi/4.3.3/../../../../arm-eabi/lib/thumb/libg.a(lib_a-strcmp.o)
 .glue_7t       0x0200b064        0x0 /opt/devkitPro/devkitARM/lib/gcc/arm-eabi/4.3.3/../../../../arm-eabi/lib/thumb/libg.a(lib_a-strcpy.o)
 .glue_7t       0x0200b064        0x0 /opt/devkitPro/devkitARM/lib/gcc/arm-eabi/4.3.3/../../../../arm-eabi/lib/thumb/libg.a(lib_a-strtol.o)
 .glue_7t       0x0200b064        0x0 /opt/devkitPro/devkitARM/lib/gcc/arm-eabi/4.3.3/../../../../arm-eabi/lib/thumb/libg.a(lib_a-strtoul.o)
 .glue_7t       0x0200b064        0x0 /opt/devkitPro/devkitARM/lib/gcc/arm-eabi/4.3.3/../../../../arm-eabi/lib/thumb/libg.a(lib_a-fclose.o)
 .glue_7t       0x0200b064        0x0 /opt/devkitPro/devkitARM/lib/gcc/arm-eabi/4.3.3/../../../../arm-eabi/lib/thumb/libsysbase.a(iosupport.o)
 .glue_7t       0x0200b064        0x0 /opt/devkitPro/devkitARM/lib/gcc/arm-eabi/4.3.3/../../../../arm-eabi/lib/thumb/libsysbase.a(close.o)
 .glue_7t       0x0200b064        0x0 /opt/devkitPro/devkitARM/lib/gcc/arm-eabi/4.3.3/../../../../arm-eabi/lib/thumb/libsysbase.a(fstat.o)
 .glue_7t       0x0200b064        0x0 /opt/devkitPro/devkitARM/lib/gcc/arm-eabi/4.3.3/../../../../arm-eabi/lib/thumb/libsysbase.a(isatty.o)
 .glue_7t       0x0200b064        0x0 /opt/devkitPro/devkitARM/lib/gcc/arm-eabi/4.3.3/../../../../arm-eabi/lib/thumb/libsysbase.a(lseek.o)
 .glue_7t       0x0200b064        0x0 /opt/devkitPro/devkitARM/lib/gcc/arm-eabi/4.3.3/../../../../arm-eabi/lib/thumb/libsysbase.a(read.o)
 .glue_7t       0x0200b064        0x0 /opt/devkitPro/devkitARM/lib/gcc/arm-eabi/4.3.3/../../../../arm-eabi/lib/thumb/libsysbase.a(sbrk.o)
 .glue_7t       0x0200b064        0x0 /opt/devkitPro/devkitARM/lib/gcc/arm-eabi/4.3.3/../../../../arm-eabi/lib/thumb/libsysbase.a(times.o)
 .glue_7t       0x0200b064        0x0 /opt/devkitPro/devkitARM/lib/gcc/arm-eabi/4.3.3/../../../../arm-eabi/lib/thumb/libsysbase.a(write.o)
 .glue_7t       0x0200b064        0x0 /opt/devkitPro/devkitARM/lib/gcc/arm-eabi/4.3.3/../../../../arm-eabi/lib/thumb/libsysbase.a(malloc_vars.o)
 .glue_7t       0x0200b064        0x0 /opt/devkitPro/devkitARM/lib/gcc/arm-eabi/4.3.3/../../../../arm-eabi/lib/thumb/libsysbase.a(build_argv.o)
 .glue_7t       0x0200b064        0x0 /opt/devkitPro/devkitARM/lib/gcc/arm-eabi/4.3.3/../../../../arm-eabi/lib/thumb/libsysbase.a(handle_manager.o)
 .glue_7t       0x0200b064        0x0 /opt/devkitPro/devkitARM/lib/gcc/arm-eabi/4.3.3/thumb/libgcc.a(_udivsi3.o)
 .glue_7t       0x0200b064        0x0 /opt/devkitPro/devkitARM/lib/gcc/arm-eabi/4.3.3/thumb/libgcc.a(_muldi3.o)
 .glue_7t       0x0200b064        0x0 /opt/devkitPro/devkitARM/lib/gcc/arm-eabi/4.3.3/../../../../arm-eabi/lib/thumb/libg.a(lib_a-errno.o)
 .glue_7t       0x0200b064        0x0 /opt/devkitPro/devkitARM/lib/gcc/arm-eabi/4.3.3/../../../../arm-eabi/lib/thumb/libg.a(lib_a-strncmp.o)
 .glue_7t       0x0200b064        0x0 /opt/devkitPro/devkitARM/lib/gcc/arm-eabi/4.3.3/thumb/crtend.o
 .glue_7t       0x0200b064        0x0 /opt/devkitPro/devkitARM/lib/gcc/arm-eabi/4.3.3/thumb/crtn.o
                0x0200b064                . = ALIGN (0x4)

.vfp11_veneer   0x00000000        0x0
 .vfp11_veneer  0x00000000        0x0 /opt/devkitPro/devkitARM/lib/gcc/arm-eabi/4.3.3/../../../../arm-eabi/lib/thumb/ds_arm9_crt0.o
 .vfp11_veneer  0x00000000        0x0 /opt/devkitPro/devkitARM/lib/gcc/arm-eabi/4.3.3/thumb/crti.o
 .vfp11_veneer  0x00000000        0x0 /opt/devkitPro/devkitARM/lib/gcc/arm-eabi/4.3.3/thumb/crtbegin.o
 .vfp11_veneer  0x00000000        0x0 soundbank.bin.o
 .vfp11_veneer  0x00000000        0x0 FondoAmarillo1.o
 .vfp11_veneer  0x00000000        0x0 FondoAmarillo2.o
 .vfp11_veneer  0x00000000        0x0 FondoAmarillo3.o
 .vfp11_veneer  0x00000000        0x0 FondoAmarilloM.o
 .vfp11_veneer  0x00000000        0x0 FondoAmarillo.o
 .vfp11_veneer  0x00000000        0x0 FondoAngry.o
 .vfp11_veneer  0x00000000        0x0 FondoCapyM.o
 .vfp11_veneer  0x00000000        0x0 FondoCapy.o
 .vfp11_veneer  0x00000000        0x0 FondoCreditos.o
 .vfp11_veneer  0x00000000        0x0 FondoFin.o
 .vfp11_veneer  0x00000000        0x0 FondoMenu2.o
 .vfp11_veneer  0x00000000        0x0 FondoMenu.o
 .vfp11_veneer  0x00000000        0x0 FondoMorado1.o
 .vfp11_veneer  0x00000000        0x0 FondoMorado2.o
 .vfp11_veneer  0x00000000        0x0 FondoMorado3.o
 .vfp11_veneer  0x00000000        0x0 FondoMorado4.o
 .vfp11_veneer  0x00000000        0x0 FondoMorado5.o
 .vfp11_veneer  0x00000000        0x0 FondoMoradoM.o
 .vfp11_veneer  0x00000000        0x0 FondoMorado.o
 .vfp11_veneer  0x00000000        0x0 FondoOpciones000.o
 .vfp11_veneer  0x00000000        0x0 FondoOpciones001.o
 .vfp11_veneer  0x00000000        0x0 FondoOpciones010.o
 .vfp11_veneer  0x00000000        0x0 FondoOpciones011.o
 .vfp11_veneer  0x00000000        0x0 FondoOpciones100.o
 .vfp11_veneer  0x00000000        0x0 FondoOpciones101.o
 .vfp11_veneer  0x00000000        0x0 FondoOpciones110.o
 .vfp11_veneer  0x00000000        0x0 FondoOpciones111.o
 .vfp11_veneer  0x00000000        0x0 FondoPausa2.o
 .vfp11_veneer  0x00000000        0x0 FondoPausa.o
 .vfp11_veneer  0x00000000        0x0 FondoRojo1.o
 .vfp11_veneer  0x00000000        0x0 FondoRojo2.o
 .vfp11_veneer  0x00000000        0x0 FondoRojo3.o
 .vfp11_veneer  0x00000000        0x0 FondoRojoM.o
 .vfp11_veneer  0x00000000        0x0 FondoRojo.o
 .vfp11_veneer  0x00000000        0x0 FondoVerde1.o
 .vfp11_veneer  0x00000000        0x0 FondoVerde2.o
 .vfp11_veneer  0x00000000        0x0 FondoVerde3.o
 .vfp11_veneer  0x00000000        0x0 FondoVerdeM.o
 .vfp11_veneer  0x00000000        0x0 FondoVerde.o
 .vfp11_veneer  0x00000000        0x0 fondos.o
 .vfp11_veneer  0x00000000        0x0 graficos.o
 .vfp11_veneer  0x00000000        0x0 juego.o
 .vfp11_veneer  0x00000000        0x0 main.o
 .vfp11_veneer  0x00000000        0x0 perifericos.o
 .vfp11_veneer  0x00000000        0x0 rutinasAtencion.o
 .vfp11_veneer  0x00000000        0x0 sprites.o
 .vfp11_veneer  0x00000000        0x0 /opt/devkitPro/libnds/lib/libnds9.a(console.o)
 .vfp11_veneer  0x00000000        0x0 /opt/devkitPro/libnds/lib/libnds9.a(initSystem.o)
 .vfp11_veneer  0x00000000        0x0 /opt/devkitPro/libnds/lib/libnds9.a(sprite.o)
 .vfp11_veneer  0x00000000        0x0 /opt/devkitPro/libnds/lib/libnds9.a(sprite_alloc.o)
 .vfp11_veneer  0x00000000        0x0 /opt/devkitPro/libnds/lib/libnds9.a(system.o)
 .vfp11_veneer  0x00000000        0x0 /opt/devkitPro/libnds/lib/libnds9.a(touch.o)
 .vfp11_veneer  0x00000000        0x0 /opt/devkitPro/libnds/lib/libnds9.a(trig.o)
 .vfp11_veneer  0x00000000        0x0 /opt/devkitPro/libnds/lib/libnds9.a(video.o)
 .vfp11_veneer  0x00000000        0x0 /opt/devkitPro/libnds/lib/libnds9.a(fifosystem.o)
 .vfp11_veneer  0x00000000        0x0 /opt/devkitPro/libnds/lib/libnds9.a(interrupts.o)
 .vfp11_veneer  0x00000000        0x0 /opt/devkitPro/libnds/lib/libnds9.a(dcache.o)
 .vfp11_veneer  0x00000000        0x0 /opt/devkitPro/libnds/lib/libnds9.a(biosCalls.o)
 .vfp11_veneer  0x00000000        0x0 /opt/devkitPro/libnds/lib/libnds9.a(debugprint.o)
 .vfp11_veneer  0x00000000        0x0 /opt/devkitPro/libnds/lib/libnds9.a(interruptDispatcher.o)
 .vfp11_veneer  0x00000000        0x0 /opt/devkitPro/libnds/lib/libnds9.a(default_font.bin.o)
 .vfp11_veneer  0x00000000        0x0 /opt/devkitPro/libnds/lib/libnds9.a(background.o)
 .vfp11_veneer  0x00000000        0x0 /opt/devkitPro/devkitARM/lib/gcc/arm-eabi/4.3.3/thumb/libgcc.a(_divsi3.o)
 .vfp11_veneer  0x00000000        0x0 /opt/devkitPro/devkitARM/lib/gcc/arm-eabi/4.3.3/thumb/libgcc.a(_dvmd_tls.o)
 .vfp11_veneer  0x00000000        0x0 /opt/devkitPro/devkitARM/lib/gcc/arm-eabi/4.3.3/../../../../arm-eabi/lib/thumb/libg.a(lib_a-bsearch.o)
 .vfp11_veneer  0x00000000        0x0 /opt/devkitPro/devkitARM/lib/gcc/arm-eabi/4.3.3/../../../../arm-eabi/lib/thumb/libg.a(lib_a-impure.o)
 .vfp11_veneer  0x00000000        0x0 /opt/devkitPro/devkitARM/lib/gcc/arm-eabi/4.3.3/../../../../arm-eabi/lib/thumb/libg.a(lib_a-init.o)
 .vfp11_veneer  0x00000000        0x0 /opt/devkitPro/devkitARM/lib/gcc/arm-eabi/4.3.3/../../../../arm-eabi/lib/thumb/libg.a(lib_a-iprintf.o)
 .vfp11_veneer  0x00000000        0x0 /opt/devkitPro/devkitARM/lib/gcc/arm-eabi/4.3.3/../../../../arm-eabi/lib/thumb/libg.a(lib_a-malloc.o)
 .vfp11_veneer  0x00000000        0x0 /opt/devkitPro/devkitARM/lib/gcc/arm-eabi/4.3.3/../../../../arm-eabi/lib/thumb/libg.a(lib_a-mallocr.o)
 .vfp11_veneer  0x00000000        0x0 /opt/devkitPro/devkitARM/lib/gcc/arm-eabi/4.3.3/../../../../arm-eabi/lib/thumb/libg.a(lib_a-memcpy.o)
 .vfp11_veneer  0x00000000        0x0 /opt/devkitPro/devkitARM/lib/gcc/arm-eabi/4.3.3/../../../../arm-eabi/lib/thumb/libg.a(lib_a-memset.o)
 .vfp11_veneer  0x00000000        0x0 /opt/devkitPro/devkitARM/lib/gcc/arm-eabi/4.3.3/../../../../arm-eabi/lib/thumb/libg.a(lib_a-mlock.o)
 .vfp11_veneer  0x00000000        0x0 /opt/devkitPro/devkitARM/lib/gcc/arm-eabi/4.3.3/../../../../arm-eabi/lib/thumb/libg.a(lib_a-rand.o)
 .vfp11_veneer  0x00000000        0x0 /opt/devkitPro/devkitARM/lib/gcc/arm-eabi/4.3.3/../../../../arm-eabi/lib/thumb/libg.a(lib_a-realloc.o)
 .vfp11_veneer  0x00000000        0x0 /opt/devkitPro/devkitARM/lib/gcc/arm-eabi/4.3.3/../../../../arm-eabi/lib/thumb/libg.a(lib_a-reallocr.o)
 .vfp11_veneer  0x00000000        0x0 /opt/devkitPro/devkitARM/lib/gcc/arm-eabi/4.3.3/../../../../arm-eabi/lib/thumb/libg.a(lib_a-setvbuf.o)
 .vfp11_veneer  0x00000000        0x0 /opt/devkitPro/devkitARM/lib/gcc/arm-eabi/4.3.3/../../../../arm-eabi/lib/thumb/libg.a(lib_a-siscanf.o)
 .vfp11_veneer  0x00000000        0x0 /opt/devkitPro/devkitARM/lib/gcc/arm-eabi/4.3.3/../../../../arm-eabi/lib/thumb/libg.a(lib_a-strlen.o)
 .vfp11_veneer  0x00000000        0x0 /opt/devkitPro/devkitARM/lib/gcc/arm-eabi/4.3.3/../../../../arm-eabi/lib/thumb/libg.a(lib_a-svfiscanf.o)
 .vfp11_veneer  0x00000000        0x0 /opt/devkitPro/devkitARM/lib/gcc/arm-eabi/4.3.3/../../../../arm-eabi/lib/thumb/libg.a(lib_a-ungetc.o)
 .vfp11_veneer  0x00000000        0x0 /opt/devkitPro/devkitARM/lib/gcc/arm-eabi/4.3.3/../../../../arm-eabi/lib/thumb/libg.a(lib_a-vfiprintf.o)
 .vfp11_veneer  0x00000000        0x0 /opt/devkitPro/devkitARM/lib/gcc/arm-eabi/4.3.3/../../../../arm-eabi/lib/thumb/libg.a(lib_a-wcrtomb.o)
 .vfp11_veneer  0x00000000        0x0 /opt/devkitPro/devkitARM/lib/gcc/arm-eabi/4.3.3/../../../../arm-eabi/lib/thumb/libg.a(lib_a-wcsrtombs.o)
 .vfp11_veneer  0x00000000        0x0 /opt/devkitPro/devkitARM/lib/gcc/arm-eabi/4.3.3/../../../../arm-eabi/lib/thumb/libg.a(lib_a-wctomb_r.o)
 .vfp11_veneer  0x00000000        0x0 /opt/devkitPro/devkitARM/lib/gcc/arm-eabi/4.3.3/../../../../arm-eabi/lib/thumb/libg.a(lib_a-wsetup.o)
 .vfp11_veneer  0x00000000        0x0 /opt/devkitPro/devkitARM/lib/gcc/arm-eabi/4.3.3/../../../../arm-eabi/lib/thumb/libg.a(lib_a-ctype_.o)
 .vfp11_veneer  0x00000000        0x0 /opt/devkitPro/devkitARM/lib/gcc/arm-eabi/4.3.3/../../../../arm-eabi/lib/thumb/libg.a(lib_a-fflush.o)
 .vfp11_veneer  0x00000000        0x0 /opt/devkitPro/devkitARM/lib/gcc/arm-eabi/4.3.3/../../../../arm-eabi/lib/thumb/libg.a(lib_a-findfp.o)
 .vfp11_veneer  0x00000000        0x0 /opt/devkitPro/devkitARM/lib/gcc/arm-eabi/4.3.3/../../../../arm-eabi/lib/thumb/libg.a(lib_a-freer.o)
 .vfp11_veneer  0x00000000        0x0 /opt/devkitPro/devkitARM/lib/gcc/arm-eabi/4.3.3/../../../../arm-eabi/lib/thumb/libg.a(lib_a-fvwrite.o)
 .vfp11_veneer  0x00000000        0x0 /opt/devkitPro/devkitARM/lib/gcc/arm-eabi/4.3.3/../../../../arm-eabi/lib/thumb/libg.a(lib_a-fwalk.o)
 .vfp11_veneer  0x00000000        0x0 /opt/devkitPro/devkitARM/lib/gcc/arm-eabi/4.3.3/../../../../arm-eabi/lib/thumb/libg.a(lib_a-iswspace.o)
 .vfp11_veneer  0x00000000        0x0 /opt/devkitPro/devkitARM/lib/gcc/arm-eabi/4.3.3/../../../../arm-eabi/lib/thumb/libg.a(lib_a-jp2uc.o)
 .vfp11_veneer  0x00000000        0x0 /opt/devkitPro/devkitARM/lib/gcc/arm-eabi/4.3.3/../../../../arm-eabi/lib/thumb/libg.a(lib_a-locale.o)
 .vfp11_veneer  0x00000000        0x0 /opt/devkitPro/devkitARM/lib/gcc/arm-eabi/4.3.3/../../../../arm-eabi/lib/thumb/libg.a(lib_a-makebuf.o)
 .vfp11_veneer  0x00000000        0x0 /opt/devkitPro/devkitARM/lib/gcc/arm-eabi/4.3.3/../../../../arm-eabi/lib/thumb/libg.a(lib_a-mbrtowc.o)
 .vfp11_veneer  0x00000000        0x0 /opt/devkitPro/devkitARM/lib/gcc/arm-eabi/4.3.3/../../../../arm-eabi/lib/thumb/libg.a(lib_a-mbtowc_r.o)
 .vfp11_veneer  0x00000000        0x0 /opt/devkitPro/devkitARM/lib/gcc/arm-eabi/4.3.3/../../../../arm-eabi/lib/thumb/libg.a(lib_a-memchr.o)
 .vfp11_veneer  0x00000000        0x0 /opt/devkitPro/devkitARM/lib/gcc/arm-eabi/4.3.3/../../../../arm-eabi/lib/thumb/libg.a(lib_a-memmove.o)
 .vfp11_veneer  0x00000000        0x0 /opt/devkitPro/devkitARM/lib/gcc/arm-eabi/4.3.3/../../../../arm-eabi/lib/thumb/libg.a(lib_a-sccl.o)
 .vfp11_veneer  0x00000000        0x0 /opt/devkitPro/devkitARM/lib/gcc/arm-eabi/4.3.3/../../../../arm-eabi/lib/thumb/libg.a(lib_a-stdio.o)
 .vfp11_veneer  0x00000000        0x0 /opt/devkitPro/devkitARM/lib/gcc/arm-eabi/4.3.3/../../../../arm-eabi/lib/thumb/libg.a(lib_a-strcmp.o)
 .vfp11_veneer  0x00000000        0x0 /opt/devkitPro/devkitARM/lib/gcc/arm-eabi/4.3.3/../../../../arm-eabi/lib/thumb/libg.a(lib_a-strcpy.o)
 .vfp11_veneer  0x00000000        0x0 /opt/devkitPro/devkitARM/lib/gcc/arm-eabi/4.3.3/../../../../arm-eabi/lib/thumb/libg.a(lib_a-strtol.o)
 .vfp11_veneer  0x00000000        0x0 /opt/devkitPro/devkitARM/lib/gcc/arm-eabi/4.3.3/../../../../arm-eabi/lib/thumb/libg.a(lib_a-strtoul.o)
 .vfp11_veneer  0x00000000        0x0 /opt/devkitPro/devkitARM/lib/gcc/arm-eabi/4.3.3/../../../../arm-eabi/lib/thumb/libg.a(lib_a-fclose.o)
 .vfp11_veneer  0x00000000        0x0 /opt/devkitPro/devkitARM/lib/gcc/arm-eabi/4.3.3/../../../../arm-eabi/lib/thumb/libsysbase.a(iosupport.o)
 .vfp11_veneer  0x00000000        0x0 /opt/devkitPro/devkitARM/lib/gcc/arm-eabi/4.3.3/../../../../arm-eabi/lib/thumb/libsysbase.a(close.o)
 .vfp11_veneer  0x00000000        0x0 /opt/devkitPro/devkitARM/lib/gcc/arm-eabi/4.3.3/../../../../arm-eabi/lib/thumb/libsysbase.a(fstat.o)
 .vfp11_veneer  0x00000000        0x0 /opt/devkitPro/devkitARM/lib/gcc/arm-eabi/4.3.3/../../../../arm-eabi/lib/thumb/libsysbase.a(isatty.o)
 .vfp11_veneer  0x00000000        0x0 /opt/devkitPro/devkitARM/lib/gcc/arm-eabi/4.3.3/../../../../arm-eabi/lib/thumb/libsysbase.a(lseek.o)
 .vfp11_veneer  0x00000000        0x0 /opt/devkitPro/devkitARM/lib/gcc/arm-eabi/4.3.3/../../../../arm-eabi/lib/thumb/libsysbase.a(read.o)
 .vfp11_veneer  0x00000000        0x0 /opt/devkitPro/devkitARM/lib/gcc/arm-eabi/4.3.3/../../../../arm-eabi/lib/thumb/libsysbase.a(sbrk.o)
 .vfp11_veneer  0x00000000        0x0 /opt/devkitPro/devkitARM/lib/gcc/arm-eabi/4.3.3/../../../../arm-eabi/lib/thumb/libsysbase.a(times.o)
 .vfp11_veneer  0x00000000        0x0 /opt/devkitPro/devkitARM/lib/gcc/arm-eabi/4.3.3/../../../../arm-eabi/lib/thumb/libsysbase.a(write.o)
 .vfp11_veneer  0x00000000        0x0 /opt/devkitPro/devkitARM/lib/gcc/arm-eabi/4.3.3/../../../../arm-eabi/lib/thumb/libsysbase.a(malloc_vars.o)
 .vfp11_veneer  0x00000000        0x0 /opt/devkitPro/devkitARM/lib/gcc/arm-eabi/4.3.3/../../../../arm-eabi/lib/thumb/libsysbase.a(build_argv.o)
 .vfp11_veneer  0x00000000        0x0 /opt/devkitPro/devkitARM/lib/gcc/arm-eabi/4.3.3/../../../../arm-eabi/lib/thumb/libsysbase.a(handle_manager.o)
 .vfp11_veneer  0x00000000        0x0 /opt/devkitPro/devkitARM/lib/gcc/arm-eabi/4.3.3/thumb/libgcc.a(_udivsi3.o)
 .vfp11_veneer  0x00000000        0x0 /opt/devkitPro/devkitARM/lib/gcc/arm-eabi/4.3.3/thumb/libgcc.a(_muldi3.o)
 .vfp11_veneer  0x00000000        0x0 /opt/devkitPro/devkitARM/lib/gcc/arm-eabi/4.3.3/../../../../arm-eabi/lib/thumb/libg.a(lib_a-errno.o)
 .vfp11_veneer  0x00000000        0x0 /opt/devkitPro/devkitARM/lib/gcc/arm-eabi/4.3.3/../../../../arm-eabi/lib/thumb/libg.a(lib_a-strncmp.o)
 .vfp11_veneer  0x00000000        0x0 /opt/devkitPro/devkitARM/lib/gcc/arm-eabi/4.3.3/thumb/crtend.o
 .vfp11_veneer  0x00000000        0x0 /opt/devkitPro/devkitARM/lib/gcc/arm-eabi/4.3.3/thumb/crtn.o

.v4_bx          0x00000000        0x0
 .v4_bx         0x00000000        0x0 /opt/devkitPro/devkitARM/lib/gcc/arm-eabi/4.3.3/../../../../arm-eabi/lib/thumb/ds_arm9_crt0.o
 .v4_bx         0x00000000        0x0 /opt/devkitPro/devkitARM/lib/gcc/arm-eabi/4.3.3/thumb/crti.o
 .v4_bx         0x00000000        0x0 /opt/devkitPro/devkitARM/lib/gcc/arm-eabi/4.3.3/thumb/crtbegin.o
 .v4_bx         0x00000000        0x0 soundbank.bin.o
 .v4_bx         0x00000000        0x0 FondoAmarillo1.o
 .v4_bx         0x00000000        0x0 FondoAmarillo2.o
 .v4_bx         0x00000000        0x0 FondoAmarillo3.o
 .v4_bx         0x00000000        0x0 FondoAmarilloM.o
 .v4_bx         0x00000000        0x0 FondoAmarillo.o
 .v4_bx         0x00000000        0x0 FondoAngry.o
 .v4_bx         0x00000000        0x0 FondoCapyM.o
 .v4_bx         0x00000000        0x0 FondoCapy.o
 .v4_bx         0x00000000        0x0 FondoCreditos.o
 .v4_bx         0x00000000        0x0 FondoFin.o
 .v4_bx         0x00000000        0x0 FondoMenu2.o
 .v4_bx         0x00000000        0x0 FondoMenu.o
 .v4_bx         0x00000000        0x0 FondoMorado1.o
 .v4_bx         0x00000000        0x0 FondoMorado2.o
 .v4_bx         0x00000000        0x0 FondoMorado3.o
 .v4_bx         0x00000000        0x0 FondoMorado4.o
 .v4_bx         0x00000000        0x0 FondoMorado5.o
 .v4_bx         0x00000000        0x0 FondoMoradoM.o
 .v4_bx         0x00000000        0x0 FondoMorado.o
 .v4_bx         0x00000000        0x0 FondoOpciones000.o
 .v4_bx         0x00000000        0x0 FondoOpciones001.o
 .v4_bx         0x00000000        0x0 FondoOpciones010.o
 .v4_bx         0x00000000        0x0 FondoOpciones011.o
 .v4_bx         0x00000000        0x0 FondoOpciones100.o
 .v4_bx         0x00000000        0x0 FondoOpciones101.o
 .v4_bx         0x00000000        0x0 FondoOpciones110.o
 .v4_bx         0x00000000        0x0 FondoOpciones111.o
 .v4_bx         0x00000000        0x0 FondoPausa2.o
 .v4_bx         0x00000000        0x0 FondoPausa.o
 .v4_bx         0x00000000        0x0 FondoRojo1.o
 .v4_bx         0x00000000        0x0 FondoRojo2.o
 .v4_bx         0x00000000        0x0 FondoRojo3.o
 .v4_bx         0x00000000        0x0 FondoRojoM.o
 .v4_bx         0x00000000        0x0 FondoRojo.o
 .v4_bx         0x00000000        0x0 FondoVerde1.o
 .v4_bx         0x00000000        0x0 FondoVerde2.o
 .v4_bx         0x00000000        0x0 FondoVerde3.o
 .v4_bx         0x00000000        0x0 FondoVerdeM.o
 .v4_bx         0x00000000        0x0 FondoVerde.o
 .v4_bx         0x00000000        0x0 fondos.o
 .v4_bx         0x00000000        0x0 graficos.o
 .v4_bx         0x00000000        0x0 juego.o
 .v4_bx         0x00000000        0x0 main.o
 .v4_bx         0x00000000        0x0 perifericos.o
 .v4_bx         0x00000000        0x0 rutinasAtencion.o
 .v4_bx         0x00000000        0x0 sprites.o
 .v4_bx         0x00000000        0x0 /opt/devkitPro/libnds/lib/libnds9.a(console.o)
 .v4_bx         0x00000000        0x0 /opt/devkitPro/libnds/lib/libnds9.a(initSystem.o)
 .v4_bx         0x00000000        0x0 /opt/devkitPro/libnds/lib/libnds9.a(sprite.o)
 .v4_bx         0x00000000        0x0 /opt/devkitPro/libnds/lib/libnds9.a(sprite_alloc.o)
 .v4_bx         0x00000000        0x0 /opt/devkitPro/libnds/lib/libnds9.a(system.o)
 .v4_bx         0x00000000        0x0 /opt/devkitPro/libnds/lib/libnds9.a(touch.o)
 .v4_bx         0x00000000        0x0 /opt/devkitPro/libnds/lib/libnds9.a(trig.o)
 .v4_bx         0x00000000        0x0 /opt/devkitPro/libnds/lib/libnds9.a(video.o)
 .v4_bx         0x00000000        0x0 /opt/devkitPro/libnds/lib/libnds9.a(fifosystem.o)
 .v4_bx         0x00000000        0x0 /opt/devkitPro/libnds/lib/libnds9.a(interrupts.o)
 .v4_bx         0x00000000        0x0 /opt/devkitPro/libnds/lib/libnds9.a(dcache.o)
 .v4_bx         0x00000000        0x0 /opt/devkitPro/libnds/lib/libnds9.a(biosCalls.o)
 .v4_bx         0x00000000        0x0 /opt/devkitPro/libnds/lib/libnds9.a(debugprint.o)
 .v4_bx         0x00000000        0x0 /opt/devkitPro/libnds/lib/libnds9.a(interruptDispatcher.o)
 .v4_bx         0x00000000        0x0 /opt/devkitPro/libnds/lib/libnds9.a(default_font.bin.o)
 .v4_bx         0x00000000        0x0 /opt/devkitPro/libnds/lib/libnds9.a(background.o)
 .v4_bx         0x00000000        0x0 /opt/devkitPro/devkitARM/lib/gcc/arm-eabi/4.3.3/thumb/libgcc.a(_divsi3.o)
 .v4_bx         0x00000000        0x0 /opt/devkitPro/devkitARM/lib/gcc/arm-eabi/4.3.3/thumb/libgcc.a(_dvmd_tls.o)
 .v4_bx         0x00000000        0x0 /opt/devkitPro/devkitARM/lib/gcc/arm-eabi/4.3.3/../../../../arm-eabi/lib/thumb/libg.a(lib_a-bsearch.o)
 .v4_bx         0x00000000        0x0 /opt/devkitPro/devkitARM/lib/gcc/arm-eabi/4.3.3/../../../../arm-eabi/lib/thumb/libg.a(lib_a-impure.o)
 .v4_bx         0x00000000        0x0 /opt/devkitPro/devkitARM/lib/gcc/arm-eabi/4.3.3/../../../../arm-eabi/lib/thumb/libg.a(lib_a-init.o)
 .v4_bx         0x00000000        0x0 /opt/devkitPro/devkitARM/lib/gcc/arm-eabi/4.3.3/../../../../arm-eabi/lib/thumb/libg.a(lib_a-iprintf.o)
 .v4_bx         0x00000000        0x0 /opt/devkitPro/devkitARM/lib/gcc/arm-eabi/4.3.3/../../../../arm-eabi/lib/thumb/libg.a(lib_a-malloc.o)
 .v4_bx         0x00000000        0x0 /opt/devkitPro/devkitARM/lib/gcc/arm-eabi/4.3.3/../../../../arm-eabi/lib/thumb/libg.a(lib_a-mallocr.o)
 .v4_bx         0x00000000        0x0 /opt/devkitPro/devkitARM/lib/gcc/arm-eabi/4.3.3/../../../../arm-eabi/lib/thumb/libg.a(lib_a-memcpy.o)
 .v4_bx         0x00000000        0x0 /opt/devkitPro/devkitARM/lib/gcc/arm-eabi/4.3.3/../../../../arm-eabi/lib/thumb/libg.a(lib_a-memset.o)
 .v4_bx         0x00000000        0x0 /opt/devkitPro/devkitARM/lib/gcc/arm-eabi/4.3.3/../../../../arm-eabi/lib/thumb/libg.a(lib_a-mlock.o)
 .v4_bx         0x00000000        0x0 /opt/devkitPro/devkitARM/lib/gcc/arm-eabi/4.3.3/../../../../arm-eabi/lib/thumb/libg.a(lib_a-rand.o)
 .v4_bx         0x00000000        0x0 /opt/devkitPro/devkitARM/lib/gcc/arm-eabi/4.3.3/../../../../arm-eabi/lib/thumb/libg.a(lib_a-realloc.o)
 .v4_bx         0x00000000        0x0 /opt/devkitPro/devkitARM/lib/gcc/arm-eabi/4.3.3/../../../../arm-eabi/lib/thumb/libg.a(lib_a-reallocr.o)
 .v4_bx         0x00000000        0x0 /opt/devkitPro/devkitARM/lib/gcc/arm-eabi/4.3.3/../../../../arm-eabi/lib/thumb/libg.a(lib_a-setvbuf.o)
 .v4_bx         0x00000000        0x0 /opt/devkitPro/devkitARM/lib/gcc/arm-eabi/4.3.3/../../../../arm-eabi/lib/thumb/libg.a(lib_a-siscanf.o)
 .v4_bx         0x00000000        0x0 /opt/devkitPro/devkitARM/lib/gcc/arm-eabi/4.3.3/../../../../arm-eabi/lib/thumb/libg.a(lib_a-strlen.o)
 .v4_bx         0x00000000        0x0 /opt/devkitPro/devkitARM/lib/gcc/arm-eabi/4.3.3/../../../../arm-eabi/lib/thumb/libg.a(lib_a-svfiscanf.o)
 .v4_bx         0x00000000        0x0 /opt/devkitPro/devkitARM/lib/gcc/arm-eabi/4.3.3/../../../../arm-eabi/lib/thumb/libg.a(lib_a-ungetc.o)
 .v4_bx         0x00000000        0x0 /opt/devkitPro/devkitARM/lib/gcc/arm-eabi/4.3.3/../../../../arm-eabi/lib/thumb/libg.a(lib_a-vfiprintf.o)
 .v4_bx         0x00000000        0x0 /opt/devkitPro/devkitARM/lib/gcc/arm-eabi/4.3.3/../../../../arm-eabi/lib/thumb/libg.a(lib_a-wcrtomb.o)
 .v4_bx         0x00000000        0x0 /opt/devkitPro/devkitARM/lib/gcc/arm-eabi/4.3.3/../../../../arm-eabi/lib/thumb/libg.a(lib_a-wcsrtombs.o)
 .v4_bx         0x00000000        0x0 /opt/devkitPro/devkitARM/lib/gcc/arm-eabi/4.3.3/../../../../arm-eabi/lib/thumb/libg.a(lib_a-wctomb_r.o)
 .v4_bx         0x00000000        0x0 /opt/devkitPro/devkitARM/lib/gcc/arm-eabi/4.3.3/../../../../arm-eabi/lib/thumb/libg.a(lib_a-wsetup.o)
 .v4_bx         0x00000000        0x0 /opt/devkitPro/devkitARM/lib/gcc/arm-eabi/4.3.3/../../../../arm-eabi/lib/thumb/libg.a(lib_a-ctype_.o)
 .v4_bx         0x00000000        0x0 /opt/devkitPro/devkitARM/lib/gcc/arm-eabi/4.3.3/../../../../arm-eabi/lib/thumb/libg.a(lib_a-fflush.o)
 .v4_bx         0x00000000        0x0 /opt/devkitPro/devkitARM/lib/gcc/arm-eabi/4.3.3/../../../../arm-eabi/lib/thumb/libg.a(lib_a-findfp.o)
 .v4_bx         0x00000000        0x0 /opt/devkitPro/devkitARM/lib/gcc/arm-eabi/4.3.3/../../../../arm-eabi/lib/thumb/libg.a(lib_a-freer.o)
 .v4_bx         0x00000000        0x0 /opt/devkitPro/devkitARM/lib/gcc/arm-eabi/4.3.3/../../../../arm-eabi/lib/thumb/libg.a(lib_a-fvwrite.o)
 .v4_bx         0x00000000        0x0 /opt/devkitPro/devkitARM/lib/gcc/arm-eabi/4.3.3/../../../../arm-eabi/lib/thumb/libg.a(lib_a-fwalk.o)
 .v4_bx         0x00000000        0x0 /opt/devkitPro/devkitARM/lib/gcc/arm-eabi/4.3.3/../../../../arm-eabi/lib/thumb/libg.a(lib_a-iswspace.o)
 .v4_bx         0x00000000        0x0 /opt/devkitPro/devkitARM/lib/gcc/arm-eabi/4.3.3/../../../../arm-eabi/lib/thumb/libg.a(lib_a-jp2uc.o)
 .v4_bx         0x00000000        0x0 /opt/devkitPro/devkitARM/lib/gcc/arm-eabi/4.3.3/../../../../arm-eabi/lib/thumb/libg.a(lib_a-locale.o)
 .v4_bx         0x00000000        0x0 /opt/devkitPro/devkitARM/lib/gcc/arm-eabi/4.3.3/../../../../arm-eabi/lib/thumb/libg.a(lib_a-makebuf.o)
 .v4_bx         0x00000000        0x0 /opt/devkitPro/devkitARM/lib/gcc/arm-eabi/4.3.3/../../../../arm-eabi/lib/thumb/libg.a(lib_a-mbrtowc.o)
 .v4_bx         0x00000000        0x0 /opt/devkitPro/devkitARM/lib/gcc/arm-eabi/4.3.3/../../../../arm-eabi/lib/thumb/libg.a(lib_a-mbtowc_r.o)
 .v4_bx         0x00000000        0x0 /opt/devkitPro/devkitARM/lib/gcc/arm-eabi/4.3.3/../../../../arm-eabi/lib/thumb/libg.a(lib_a-memchr.o)
 .v4_bx         0x00000000        0x0 /opt/devkitPro/devkitARM/lib/gcc/arm-eabi/4.3.3/../../../../arm-eabi/lib/thumb/libg.a(lib_a-memmove.o)
 .v4_bx         0x00000000        0x0 /opt/devkitPro/devkitARM/lib/gcc/arm-eabi/4.3.3/../../../../arm-eabi/lib/thumb/libg.a(lib_a-sccl.o)
 .v4_bx         0x00000000        0x0 /opt/devkitPro/devkitARM/lib/gcc/arm-eabi/4.3.3/../../../../arm-eabi/lib/thumb/libg.a(lib_a-stdio.o)
 .v4_bx         0x00000000        0x0 /opt/devkitPro/devkitARM/lib/gcc/arm-eabi/4.3.3/../../../../arm-eabi/lib/thumb/libg.a(lib_a-strcmp.o)
 .v4_bx         0x00000000        0x0 /opt/devkitPro/devkitARM/lib/gcc/arm-eabi/4.3.3/../../../../arm-eabi/lib/thumb/libg.a(lib_a-strcpy.o)
 .v4_bx         0x00000000        0x0 /opt/devkitPro/devkitARM/lib/gcc/arm-eabi/4.3.3/../../../../arm-eabi/lib/thumb/libg.a(lib_a-strtol.o)
 .v4_bx         0x00000000        0x0 /opt/devkitPro/devkitARM/lib/gcc/arm-eabi/4.3.3/../../../../arm-eabi/lib/thumb/libg.a(lib_a-strtoul.o)
 .v4_bx         0x00000000        0x0 /opt/devkitPro/devkitARM/lib/gcc/arm-eabi/4.3.3/../../../../arm-eabi/lib/thumb/libg.a(lib_a-fclose.o)
 .v4_bx         0x00000000        0x0 /opt/devkitPro/devkitARM/lib/gcc/arm-eabi/4.3.3/../../../../arm-eabi/lib/thumb/libsysbase.a(iosupport.o)
 .v4_bx         0x00000000        0x0 /opt/devkitPro/devkitARM/lib/gcc/arm-eabi/4.3.3/../../../../arm-eabi/lib/thumb/libsysbase.a(close.o)
 .v4_bx         0x00000000        0x0 /opt/devkitPro/devkitARM/lib/gcc/arm-eabi/4.3.3/../../../../arm-eabi/lib/thumb/libsysbase.a(fstat.o)
 .v4_bx         0x00000000        0x0 /opt/devkitPro/devkitARM/lib/gcc/arm-eabi/4.3.3/../../../../arm-eabi/lib/thumb/libsysbase.a(isatty.o)
 .v4_bx         0x00000000        0x0 /opt/devkitPro/devkitARM/lib/gcc/arm-eabi/4.3.3/../../../../arm-eabi/lib/thumb/libsysbase.a(lseek.o)
 .v4_bx         0x00000000        0x0 /opt/devkitPro/devkitARM/lib/gcc/arm-eabi/4.3.3/../../../../arm-eabi/lib/thumb/libsysbase.a(read.o)
 .v4_bx         0x00000000        0x0 /opt/devkitPro/devkitARM/lib/gcc/arm-eabi/4.3.3/../../../../arm-eabi/lib/thumb/libsysbase.a(sbrk.o)
 .v4_bx         0x00000000        0x0 /opt/devkitPro/devkitARM/lib/gcc/arm-eabi/4.3.3/../../../../arm-eabi/lib/thumb/libsysbase.a(times.o)
 .v4_bx         0x00000000        0x0 /opt/devkitPro/devkitARM/lib/gcc/arm-eabi/4.3.3/../../../../arm-eabi/lib/thumb/libsysbase.a(write.o)
 .v4_bx         0x00000000        0x0 /opt/devkitPro/devkitARM/lib/gcc/arm-eabi/4.3.3/../../../../arm-eabi/lib/thumb/libsysbase.a(malloc_vars.o)
 .v4_bx         0x00000000        0x0 /opt/devkitPro/devkitARM/lib/gcc/arm-eabi/4.3.3/../../../../arm-eabi/lib/thumb/libsysbase.a(build_argv.o)
 .v4_bx         0x00000000        0x0 /opt/devkitPro/devkitARM/lib/gcc/arm-eabi/4.3.3/../../../../arm-eabi/lib/thumb/libsysbase.a(handle_manager.o)
 .v4_bx         0x00000000        0x0 /opt/devkitPro/devkitARM/lib/gcc/arm-eabi/4.3.3/thumb/libgcc.a(_udivsi3.o)
 .v4_bx         0x00000000        0x0 /opt/devkitPro/devkitARM/lib/gcc/arm-eabi/4.3.3/thumb/libgcc.a(_muldi3.o)
 .v4_bx         0x00000000        0x0 /opt/devkitPro/devkitARM/lib/gcc/arm-eabi/4.3.3/../../../../arm-eabi/lib/thumb/libg.a(lib_a-errno.o)
 .v4_bx         0x00000000        0x0 /opt/devkitPro/devkitARM/lib/gcc/arm-eabi/4.3.3/../../../../arm-eabi/lib/thumb/libg.a(lib_a-strncmp.o)
 .v4_bx         0x00000000        0x0 /opt/devkitPro/devkitARM/lib/gcc/arm-eabi/4.3.3/thumb/crtend.o
 .v4_bx         0x00000000        0x0 /opt/devkitPro/devkitARM/lib/gcc/arm-eabi/4.3.3/thumb/crtn.o

.fini           0x0200b064        0xc
 *(.fini)
 .fini          0x0200b064        0x4 /opt/devkitPro/devkitARM/lib/gcc/arm-eabi/4.3.3/thumb/crti.o
                0x0200b064                _fini
 .fini          0x0200b068        0x8 /opt/devkitPro/devkitARM/lib/gcc/arm-eabi/4.3.3/thumb/crtn.o
                0x0200b070                __text_end = .

.rodata         0x0200b070   0x3ae384
 *(.rodata)
 .rodata        0x0200b070    0x18000 FondoAmarillo1.o
                0x0200b070                FondoAmarillo1Bitmap
 .rodata        0x02023070    0x18000 FondoAmarillo2.o
                0x02023070                FondoAmarillo2Bitmap
 .rodata        0x0203b070    0x18000 FondoAmarillo3.o
                0x0203b070                FondoAmarillo3Bitmap
 .rodata        0x02053070    0x18000 FondoAmarilloM.o
                0x02053070                FondoAmarilloMBitmap
 .rodata        0x0206b070    0x18000 FondoAmarillo.o
                0x0206b070                FondoAmarilloBitmap
 .rodata        0x02083070    0x18000 FondoAngry.o
                0x02083070                FondoAngryBitmap
 .rodata        0x0209b070    0x18000 FondoCapyM.o
                0x0209b070                FondoCapyMBitmap
 .rodata        0x020b3070    0x18000 FondoCapy.o
                0x020b3070                FondoCapyBitmap
 .rodata        0x020cb070    0x18000 FondoCreditos.o
                0x020cb070                FondoCreditosBitmap
 .rodata        0x020e3070    0x18000 FondoFin.o
                0x020e3070                FondoFinBitmap
 .rodata        0x020fb070    0x18000 FondoMenu2.o
                0x020fb070                FondoMenu2Bitmap
 .rodata        0x02113070    0x18000 FondoMenu.o
                0x02113070                FondoMenuBitmap
 .rodata        0x0212b070    0x18000 FondoMorado1.o
                0x0212b070                FondoMorado1Bitmap
 .rodata        0x02143070    0x18000 FondoMorado2.o
                0x02143070                FondoMorado2Bitmap
 .rodata        0x0215b070    0x18000 FondoMorado3.o
                0x0215b070                FondoMorado3Bitmap
 .rodata        0x02173070    0x18000 FondoMorado4.o
                0x02173070                FondoMorado4Bitmap
 .rodata        0x0218b070    0x18000 FondoMorado5.o
                0x0218b070                FondoMorado5Bitmap
 .rodata        0x021a3070    0x18000 FondoMoradoM.o
                0x021a3070                FondoMoradoMBitmap
 .rodata        0x021bb070    0x18000 FondoMorado.o
                0x021bb070                FondoMoradoBitmap
 .rodata        0x021d3070    0x18000 FondoOpciones000.o
                0x021d3070                FondoOpciones000Bitmap
 .rodata        0x021eb070    0x18000 FondoOpciones001.o
                0x021eb070                FondoOpciones001Bitmap
 .rodata        0x02203070    0x18000 FondoOpciones010.o
                0x02203070                FondoOpciones010Bitmap
 .rodata        0x0221b070    0x18000 FondoOpciones011.o
                0x0221b070                FondoOpciones011Bitmap
 .rodata        0x02233070    0x18000 FondoOpciones100.o
                0x02233070                FondoOpciones100Bitmap
 .rodata        0x0224b070    0x18000 FondoOpciones101.o
                0x0224b070                FondoOpciones101Bitmap
 .rodata        0x02263070    0x18000 FondoOpciones110.o
                0x02263070                FondoOpciones110Bitmap
 .rodata        0x0227b070    0x18000 FondoOpciones111.o
                0x0227b070                FondoOpciones111Bitmap
 .rodata        0x02293070    0x18000 FondoPausa2.o
                0x02293070                FondoPausa2Bitmap
 .rodata        0x022ab070    0x18000 FondoPausa.o
                0x022ab070                FondoPausaBitmap
 .rodata        0x022c3070    0x18000 FondoRojo1.o
                0x022c3070                FondoRojo1Bitmap
 .rodata        0x022db070    0x18000 FondoRojo2.o
                0x022db070                FondoRojo2Bitmap
 .rodata        0x022f3070    0x18000 FondoRojo3.o
                0x022f3070                FondoRojo3Bitmap
 .rodata        0x0230b070    0x18000 FondoRojoM.o
                0x0230b070                FondoRojoMBitmap
 .rodata        0x02323070    0x18000 FondoRojo.o
                0x02323070                FondoRojoBitmap
 .rodata        0x0233b070    0x18000 FondoVerde1.o
                0x0233b070                FondoVerde1Bitmap
 .rodata        0x02353070    0x18000 FondoVerde2.o
                0x02353070                FondoVerde2Bitmap
 .rodata        0x0236b070    0x18000 FondoVerde3.o
                0x0236b070                FondoVerde3Bitmap
 .rodata        0x02383070    0x18000 FondoVerdeM.o
                0x02383070                FondoVerdeMBitmap
 .rodata        0x0239b070    0x18000 FondoVerde.o
                0x0239b070                FondoVerdeBitmap
 .rodata        0x023b3070      0x18c /opt/devkitPro/libnds/lib/libnds9.a(console.o)
 .rodata        0x023b31fc     0x2004 /opt/devkitPro/libnds/lib/libnds9.a(default_font.bin.o)
                0x023b51fc                default_font_bin_end
                0x023b51fc                default_font_bin_size
                0x023b31fc                default_font_bin
 .rodata        0x023b5200        0x4 /opt/devkitPro/devkitARM/lib/gcc/arm-eabi/4.3.3/../../../../arm-eabi/lib/thumb/libg.a(lib_a-impure.o)
                0x023b5200                _global_impure_ptr
 .rodata        0x023b5204      0x340 /opt/devkitPro/devkitARM/lib/gcc/arm-eabi/4.3.3/../../../../arm-eabi/lib/thumb/libg.a(lib_a-svfiscanf.o)
 .rodata        0x023b5544      0x184 /opt/devkitPro/devkitARM/lib/gcc/arm-eabi/4.3.3/../../../../arm-eabi/lib/thumb/libg.a(lib_a-vfiprintf.o)
 .rodata        0x023b56c8      0x101 /opt/devkitPro/devkitARM/lib/gcc/arm-eabi/4.3.3/../../../../arm-eabi/lib/thumb/libg.a(lib_a-ctype_.o)
                0x023b56c8                _ctype_
 *fill*         0x023b57c9        0x3 ff
 .rodata        0x023b57cc     0x34ec /opt/devkitPro/devkitARM/lib/gcc/arm-eabi/4.3.3/../../../../arm-eabi/lib/thumb/libg.a(lib_a-jp2uc.o)
 .rodata        0x023b8cb8       0xb8 /opt/devkitPro/devkitARM/lib/gcc/arm-eabi/4.3.3/../../../../arm-eabi/lib/thumb/libg.a(lib_a-locale.o)
 .rodata        0x023b8d70       0xa8 /opt/devkitPro/devkitARM/lib/gcc/arm-eabi/4.3.3/../../../../arm-eabi/lib/thumb/libg.a(lib_a-mbtowc_r.o)
 .rodata        0x023b8e18       0x5c /opt/devkitPro/devkitARM/lib/gcc/arm-eabi/4.3.3/../../../../arm-eabi/lib/thumb/libsysbase.a(iosupport.o)
                0x023b8e18                dotab_stdnull
 *all.rodata*(*)
 *(.roda)
 *(.rodata.*)
 .rodata.str1.4
                0x023b8e74      0x422 fondos.o
                                0x424 (size before relaxing)
 *fill*         0x023b9296        0x2 ff
 .rodata.str1.4
                0x023b9298       0x15 juego.o
                                 0x18 (size before relaxing)
 *fill*         0x023b92ad        0x3 ff
 .rodata.str1.4
                0x023b92b0       0x49 rutinasAtencion.o
                                 0x98 (size before relaxing)
 *fill*         0x023b92f9        0x3 ff
 .rodata.str1.4
                0x023b92fc       0x44 /opt/devkitPro/libnds/lib/libnds9.a(console.o)
 .rodata.str1.4
                0x023b9340        0x2 /opt/devkitPro/devkitARM/lib/gcc/arm-eabi/4.3.3/../../../../arm-eabi/lib/thumb/libg.a(lib_a-impure.o)
                                  0x4 (size before relaxing)
 *fill*         0x023b9342        0x2 ff
 .rodata.str1.4
                0x023b9344       0x4a /opt/devkitPro/devkitARM/lib/gcc/arm-eabi/4.3.3/../../../../arm-eabi/lib/thumb/libg.a(lib_a-vfiprintf.o)
                                 0x4c (size before relaxing)
 *fill*         0x023b938e        0x2 ff
 .rodata.str1.4
                0x023b9390       0x1e /opt/devkitPro/devkitARM/lib/gcc/arm-eabi/4.3.3/../../../../arm-eabi/lib/thumb/libg.a(lib_a-wctomb_r.o)
                                 0x20 (size before relaxing)
 .rodata.str1.4
                0x00000000       0x20 /opt/devkitPro/devkitARM/lib/gcc/arm-eabi/4.3.3/../../../../arm-eabi/lib/thumb/libg.a(lib_a-iswspace.o)
 *fill*         0x023b93ae        0x2 ff
 .rodata.str1.4
                0x023b93b0       0x3a /opt/devkitPro/devkitARM/lib/gcc/arm-eabi/4.3.3/../../../../arm-eabi/lib/thumb/libg.a(lib_a-locale.o)
                                 0x64 (size before relaxing)
 .rodata.str1.4
                0x00000000        0x4 /opt/devkitPro/devkitARM/lib/gcc/arm-eabi/4.3.3/../../../../arm-eabi/lib/thumb/libg.a(lib_a-mbrtowc.o)
 .rodata.str1.4
                0x00000000       0x20 /opt/devkitPro/devkitARM/lib/gcc/arm-eabi/4.3.3/../../../../arm-eabi/lib/thumb/libg.a(lib_a-mbtowc_r.o)
 *fill*         0x023b93ea        0x2 ff
 .rodata.str1.4
                0x023b93ec        0x8 /opt/devkitPro/devkitARM/lib/gcc/arm-eabi/4.3.3/../../../../arm-eabi/lib/thumb/libsysbase.a(iosupport.o)
 *(.gnu.linkonce.r*)
                0x023b93f4                . = ALIGN (0x4)

.ARM.extab
 *(.ARM.extab* .gnu.linkonce.armextab.*)
                0x023b93f4                __exidx_start = .

.ARM.exidx
 *(.ARM.exidx* .gnu.linkonce.armexidx.*)
                0x023b93f4                __exidx_end = .
                0x023b93f4                . = ALIGN (0x4)
                0x023b93f4                PROVIDE (__preinit_array_start, .)

.preinit_array
 *(.preinit_array)
                0x023b93f4                PROVIDE (__preinit_array_end, .)
                0x023b93f4                PROVIDE (__init_array_start, .)

.init_array     0x023b93f4        0x4
 *(.init_array)
 .init_array    0x023b93f4        0x4 /opt/devkitPro/devkitARM/lib/gcc/arm-eabi/4.3.3/thumb/crtbegin.o
                0x023b93f8                PROVIDE (__init_array_end, .)
                0x023b93f8                PROVIDE (__fini_array_start, .)

.fini_array     0x023b93f8        0x4
 *(.fini_array)
 .fini_array    0x023b93f8        0x4 /opt/devkitPro/devkitARM/lib/gcc/arm-eabi/4.3.3/thumb/crtbegin.o
                0x023b93fc                PROVIDE (__fini_array_end, .)

.ctors          0x023b93fc        0x0
 *crtbegin.o(.ctors)
 *(EXCLUDE_FILE(*crtend.o) .ctors)
 *(SORT(.ctors.*))
 *(.ctors)
                0x023b93fc                . = ALIGN (0x4)

.dtors          0x023b93fc        0x0
 *crtbegin.o(.dtors)
 *(EXCLUDE_FILE(*crtend.o) .dtors)
 *(SORT(.dtors.*))
 *(.dtors)
                0x023b93fc                . = ALIGN (0x4)

.eh_frame       0x023b93fc        0x4
 *(.eh_frame)
 .eh_frame      0x023b93fc        0x0 /opt/devkitPro/devkitARM/lib/gcc/arm-eabi/4.3.3/thumb/crtbegin.o
 .eh_frame      0x023b93fc        0x4 /opt/devkitPro/devkitARM/lib/gcc/arm-eabi/4.3.3/thumb/crtend.o
                0x023b9400                . = ALIGN (0x4)

.gcc_except_table
                0x023b9400        0x0
 *(.gcc_except_table)
                0x023b9400                . = ALIGN (0x4)

.jcr            0x023b9400        0x4
 *(.jcr)
 .jcr           0x023b9400        0x0 /opt/devkitPro/devkitARM/lib/gcc/arm-eabi/4.3.3/thumb/crtbegin.o
 .jcr           0x023b9400        0x4 /opt/devkitPro/devkitARM/lib/gcc/arm-eabi/4.3.3/thumb/crtend.o

.got
 *(.got.plt)
 *(.got)
 *(.rel.got)

.ewram          0x023b9404        0x0
                0x023b9404                __ewram_start = ABSOLUTE (.)
 *(.ewram)
 *ewram.*(.text)
                0x023b9404                . = ALIGN (0x4)

.data           0x023b9404     0x13c0
                0x023b9404                __data_start = ABSOLUTE (.)
 *(.data)
 .data          0x023b9404        0x0 /opt/devkitPro/devkitARM/lib/gcc/arm-eabi/4.3.3/../../../../arm-eabi/lib/thumb/ds_arm9_crt0.o
 .data          0x023b9404        0x0 /opt/devkitPro/devkitARM/lib/gcc/arm-eabi/4.3.3/thumb/crti.o
 .data          0x023b9404        0x4 /opt/devkitPro/devkitARM/lib/gcc/arm-eabi/4.3.3/thumb/crtbegin.o
                0x023b9404                __dso_handle
 .data          0x023b9408        0x0 soundbank.bin.o
 .data          0x023b9408        0x0 FondoAmarillo1.o
 .data          0x023b9408        0x0 FondoAmarillo2.o
 .data          0x023b9408        0x0 FondoAmarillo3.o
 .data          0x023b9408        0x0 FondoAmarilloM.o
 .data          0x023b9408        0x0 FondoAmarillo.o
 .data          0x023b9408        0x0 FondoAngry.o
 .data          0x023b9408        0x0 FondoCapyM.o
 .data          0x023b9408        0x0 FondoCapy.o
 .data          0x023b9408        0x0 FondoCreditos.o
 .data          0x023b9408        0x0 FondoFin.o
 .data          0x023b9408        0x0 FondoMenu2.o
 .data          0x023b9408        0x0 FondoMenu.o